<html>
<body>
<pre>
<h1>µVision Build Log</h1>
<h2>Tool Versions:</h2>
IDE-Version: ¦ÌVision V5.36.0.0
Copyright (C) 2021 ARM Ltd and ARM Germany GmbH. All rights reserved.
License Information: dell dell, dell, LIC=X96CK-ZZEF5-56AQ2-9NYUE-RM73T-GM93G
 
Tool Versions:
Toolchain:       MDK-ARM Plus  Version: 5.36.0.0
Toolchain Path:  C:\Keil_v5\ARM\ARMCC\Bin
C Compiler:      Armcc.exe V5.06 update 7 (build 960)
Assembler:       Armasm.exe V5.06 update 7 (build 960)
Linker/Locator:  ArmLink.exe V5.06 update 7 (build 960)
Library Manager: ArmAr.exe V5.06 update 7 (build 960)
Hex Converter:   FromElf.exe V5.06 update 7 (build 960)
CPU DLL:         SARMCM3.DLL V5.36.0.0
Dialog DLL:      DCM.DLL V1.17.3.0
Target DLL:      Segger\JL2CM3.dll V2.99.40.0
Dialog DLL:      TCM.DLL V1.53.0.0
 
<h2>Project:</h2>
E:\02_HD\SCS\PulseGenerator_Embedded\Project.uvprojx
Project File Date:  02/17/2023

<h2>Output:</h2>
*** Using Compiler 'V5.06 update 7 (build 960)', folder: 'C:\Keil_v5\ARM\ARMCC\Bin'
Build target 'STM32F4XX'
Note: source file '.\User\system_stm32f4xx.c' - object file renamed from '.\Output\system_stm32f4xx.o' to '.\Output\system_stm32f4xx_1.o'.
compiling AT24C64MemData.c...
User\HARDWARE\AT24C64\AT24C64MemData.c(247): warning:  #188-D: enumerated type mixed with another type
  		UserOperation.bPhase									= sMemData.bPhase 							;
User\HARDWARE\AT24C64\AT24C64MemData.c(249): warning:  #188-D: enumerated type mixed with another type
  		UserOperation.fMode_VPre								= sMemData.fMode_VPre						;
User\HARDWARE\AT24C64\AT24C64MemData.c(250): warning:  #188-D: enumerated type mixed with another type
  		UserOperation.fMode_CPre								= sMemData.fMode_CPre						;
User\HARDWARE\AT24C64\AT24C64MemData.c(444): warning:  #177-D: variable "ix"  was declared but never referenced
  	uint16_t ix=0;
User\HARDWARE\AT24C64\AT24C64MemData.c(14): warning:  #177-D: function "Array_Write"  was declared but never referenced
  static void Array_Write(uint32_t addrbase, uint64_t value, uint8_t nbytes)
User\HARDWARE\AT24C64\AT24C64MemData.c(49): warning:  #177-D: function "Array_Read"  was declared but never referenced
  static uint64_t Array_Read(uint32_t addrbase, uint8_t nbytes)
User\HARDWARE\AT24C64\AT24C64MemData.c: 6 warnings, 0 errors
linking...
Program Size: Code=48632 RO-data=6604 RW-data=832 ZI-data=18280  
FromELF: creating hex file...
".\Output\STM32F4_DEMO.axf" - 0 Error(s), 6 Warning(s).

<h2>Software Packages used:</h2>

Package Vendor: Keil
                http://www.keil.com/pack/Keil.STM32F4xx_DFP.2.16.0.pack
                Keil.STM32F4xx_DFP.2.16.0
                STMicroelectronics STM32F4 Series Device Support, Drivers and Examples

<h2>Collection of Component include folders:</h2>
  C:\Keil_v5\Packs\Keil\STM32F4xx_DFP\2.16.0\Drivers\CMSIS\Device\ST\STM32F4xx\Include

<h2>Collection of Component Files used:</h2>
Build Time Elapsed:  00:00:01
</pre>
</body>
</html>
