Component: ARM Compiler 5.06 update 7 (build 960) Tool: armlink [4d3601]

==============================================================================

Section Cross References

    main.o(i.Delay_ms) refers to main.o(.data) for TimingDelay
    main.o(i.GPIO_Config) refers to stm32f4xx_rcc.o(i.RCC_AHB1PeriphClockCmd) for RCC_AHB1PeriphClockCmd
    main.o(i.IO_Init) refers to stm32f4xx_rcc.o(i.RCC_AHB1PeriphClockCmd) for RCC_AHB1PeriphClockCmd
    main.o(i.IO_Init) refers to stm32f4xx_gpio.o(i.GPIO_Init) for GPIO_Init
    main.o(i.IO_Init) refers to stm32f4xx_gpio.o(i.GPIO_SetBits) for GPIO_SetBits
    main.o(i.IO_Init) refers to stm32f4xx_gpio.o(i.GPIO_ResetBits) for GPIO_ResetBits
    main.o(i.Init_Devices) refers to misc.o(i.NVIC_PriorityGroupConfig) for NVIC_PriorityGroupConfig
    main.o(i.Init_Devices) refers to main.o(i.Init_SysTick) for Init_SysTick
    main.o(i.Init_Devices) refers to wdg.o(i.WDG_Init) for WDG_Init
    main.o(i.Init_Devices) refers to main.o(i.IO_Init) for IO_Init
    main.o(i.Init_Devices) refers to debug_uart.o(i.Usart6_Init) for Usart6_Init
    main.o(i.Init_Devices) refers to printfa.o(i.__0printf) for __2printf
    main.o(i.Init_Devices) refers to wdg.o(i.WDG_Feed) for WDG_Feed
    main.o(i.Init_Devices) refers to main.o(i.get_MCU_Type) for get_MCU_Type
    main.o(i.Init_Devices) refers to main.o(i.get_RCCCLOCK) for get_RCCCLOCK
    main.o(i.Init_Devices) refers to main.o(i.MCU_RESET_Log) for MCU_RESET_Log
    main.o(i.Init_Devices) refers to main.o(i.Delay_ms) for Delay_ms
    main.o(i.Init_Devices) refers to led.o(i.LED_Init) for LED_Init
    main.o(i.Init_Devices) refers to beep.o(i.Beep_Init) for Beep_Init
    main.o(i.Init_Devices) refers to at24c64memdata.o(i.Get_MCU_POR_Times) for Get_MCU_POR_Times
    main.o(i.Init_Devices) refers to main.o(i.get_device_sn) for get_device_sn
    main.o(i.Init_Devices) refers to key.o(i.Btn_Init) for Btn_Init
    main.o(i.Init_Devices) refers to dac.o(i.SPI1_Configuration) for SPI1_Configuration
    main.o(i.Init_Devices) refers to dac.o(i.AD5542_Output) for AD5542_Output
    main.o(i.Init_Devices) refers to codec.o(i.Codec_Init) for Codec_Init
    main.o(i.Init_Devices) refers to trigger.o(i.TriggerExIN01_Init) for TriggerExIN01_Init
    main.o(i.Init_Devices) refers to trigger.o(i.TriggerOUT_Init) for TriggerOUT_Init
    main.o(i.Init_Devices) refers to malloc.o(i.My_Mem_Init) for My_Mem_Init
    main.o(i.Init_Devices) refers to switch.o(i.Switch_Init) for Switch_Init
    main.o(i.Init_Devices) refers to ssd1961.o(i.LCDRST_Init) for LCDRST_Init
    main.o(i.Init_Devices) refers to ssd1961.o(i.LCD_Init) for LCD_Init
    main.o(i.Init_Devices) refers to at24c64.o(i.AT24CXX_Init) for AT24CXX_Init
    main.o(i.Init_Devices) refers to at24c64memdata.o(i.test_eeprom) for test_eeprom
    main.o(i.Init_Devices) refers to at24c64memdata.o(i.Memory_ConfigLoad) for Memory_ConfigLoad
    main.o(i.Init_Devices) refers to ui.o(i.UI_DeskTopInit) for UI_DeskTopInit
    main.o(i.Init_Devices) refers to timer6.o(i.Timer6_Init) for Timer6_Init
    main.o(i.Init_Devices) refers to timer.o(i.Timer5_Init) for Timer5_Init
    main.o(i.Init_Devices) refers to timer.o(i.Timer3_Init) for Timer3_Init
    main.o(i.Init_Devices) refers to trigger.o(i.TriggerExIN23_Init) for TriggerExIN23_Init
    main.o(i.Init_Devices) refers to main.o(.conststring) for .conststring
    main.o(i.Init_Devices) refers to manual.o(.bss) for sAdditionalData
    main.o(i.Init_Devices) refers to ssd1961.o(.bss) for lcddev
    main.o(i.Init_Devices) refers to manual.o(.data) for Wave_type
    main.o(i.Init_SysTick) refers to main.o(i.NVIC_SetPriority) for NVIC_SetPriority
    main.o(i.Init_SysTick) refers to system_stm32f4xx_1.o(.data) for SystemCoreClock
    main.o(i.MCU_RESET_Log) refers to stm32f4xx_rcc.o(i.RCC_GetFlagStatus) for RCC_GetFlagStatus
    main.o(i.MCU_RESET_Log) refers to printfa.o(i.__0printf) for __2printf
    main.o(i.MCU_RESET_Log) refers to stm32f4xx_rcc.o(i.RCC_ClearFlag) for RCC_ClearFlag
    main.o(i.get_MCU_Type) refers to printfa.o(i.__0printf) for __2printf
    main.o(i.get_MCU_Type) refers to main.o(.data) for MCU_idAddr
    main.o(i.get_RCCCLOCK) refers to stm32f4xx_rcc.o(i.RCC_GetClocksFreq) for RCC_GetClocksFreq
    main.o(i.get_RCCCLOCK) refers to dfltui.o(.text) for __aeabi_ui2d
    main.o(i.get_RCCCLOCK) refers to ddiv.o(.text) for __aeabi_ddiv
    main.o(i.get_RCCCLOCK) refers to printfa.o(i.__0printf) for __2printf
    main.o(i.get_device_sn) refers to at24c64.o(i.AT24CXX_Read) for AT24CXX_Read
    main.o(i.get_device_sn) refers to printfa.o(i.__0printf) for __2printf
    main.o(i.get_device_sn) refers to at24c64memdata.o(.data) for Device_SN
    main.o(i.main) refers to main.o(i.Init_Devices) for Init_Devices
    main.o(i.main) refers to manual.o(i.Manual_Poll) for Manual_Poll
    main.o(i.main) refers to wdg.o(i.WDG_Feed) for WDG_Feed
    main.o(i.main) refers to at24c64memdata.o(i.Memory_Poll) for Memory_Poll
[...]
    i.Switch_Ctrl                            0x08007050   Section        0  switch.o(i.Switch_Ctrl)
    i.Switch_Init                            0x080071b4   Section        0  switch.o(i.Switch_Init)
    i.SysTick_Handler                        0x08007204   Section        0  stm32f4xx_it.o(i.SysTick_Handler)
    i.SystemInit                             0x0800727c   Section        0  system_stm32f4xx_1.o(i.SystemInit)
    i.TIM2_IRQHandler                        0x080072e4   Section        0  timer.o(i.TIM2_IRQHandler)
    i.TIM3_IRQHandler                        0x0800733c   Section        0  timer.o(i.TIM3_IRQHandler)
    i.TIM5_IRQHandler                        0x0800741c   Section        0  timer.o(i.TIM5_IRQHandler)
    i.TIM6_DAC_IRQHandler                    0x080075d8   Section        0  timer6.o(i.TIM6_DAC_IRQHandler)
    i.TIM_ClearITPendingBit                  0x08007618   Section        0  stm32f4xx_tim.o(i.TIM_ClearITPendingBit)
    i.TIM_Cmd                                0x0800761e   Section        0  stm32f4xx_tim.o(i.TIM_Cmd)
    i.TIM_GetITStatus                        0x08007636   Section        0  stm32f4xx_tim.o(i.TIM_GetITStatus)
    i.TIM_ITConfig                           0x08007658   Section        0  stm32f4xx_tim.o(i.TIM_ITConfig)
    i.TIM_TimeBaseInit                       0x0800766c   Section        0  stm32f4xx_tim.o(i.TIM_TimeBaseInit)
    i.T_Codec_Process                        0x080076f0   Section        0  timer6.o(i.T_Codec_Process)
    T_Codec_Process                          0x080076f1   Thumb Code   116  timer6.o(i.T_Codec_Process)
    i.T_SelfAddition                         0x08007770   Section        0  timer6.o(i.T_SelfAddition)
    T_SelfAddition                           0x08007771   Thumb Code    20  timer6.o(i.T_SelfAddition)
    i.T_SelfSubtraction                      0x08007784   Section        0  timer6.o(i.T_SelfSubtraction)
    T_SelfSubtraction                        0x08007785   Thumb Code    14  timer6.o(i.T_SelfSubtraction)
    i.Timer2_Init                            0x08007792   Section        0  timer.o(i.Timer2_Init)
    i.Timer3_Init                            0x080077e4   Section        0  timer.o(i.Timer3_Init)
    i.Timer5_Init                            0x08007840   Section        0  timer.o(i.Timer5_Init)
    i.Timer6_Init                            0x0800789c   Section        0  timer6.o(i.Timer6_Init)
    i.Timer_Execute_Per10ms                  0x080078f8   Section        0  timer6.o(i.Timer_Execute_Per10ms)
    Timer_Execute_Per10ms                    0x080078f9   Thumb Code     8  timer6.o(i.Timer_Execute_Per10ms)
    i.Timer_Execute_Per1ms                   0x08007900   Section        0  timer6.o(i.Timer_Execute_Per1ms)
    Timer_Execute_Per1ms                     0x08007901   Thumb Code    86  timer6.o(i.Timer_Execute_Per1ms)
    i.TriggerExIN01_Init                     0x08007964   Section        0  trigger.o(i.TriggerExIN01_Init)
    i.TriggerExIN23_Init                     0x080079dc   Section        0  trigger.o(i.TriggerExIN23_Init)
    i.TriggerOUT_Init                        0x08007a54   Section        0  trigger.o(i.TriggerOUT_Init)
    i.UI_ContentScan                         0x08007a94   Section        0  ui.o(i.UI_ContentScan)
    UI_ContentScan                           0x08007a95   Thumb Code  6942  ui.o(i.UI_ContentScan)
    i.UI_DeskTopInit                         0x080095cc   Section        0  ui.o(i.UI_DeskTopInit)
    i.UI_DisplayFlush                        0x080095ec   Section        0  ui.o(i.UI_DisplayFlush)
    UI_DisplayFlush                          0x080095ed   Thumb Code  2574  ui.o(i.UI_DisplayFlush)
    i.UI_Poll                                0x0800a00c   Section        0  ui.o(i.UI_Poll)
    i.UO_Update                              0x0800a030   Section        0  trigger.o(i.UO_Update)
    i.USART6_GetChar                         0x0800a274   Section        0  debug_uart.o(i.USART6_GetChar)
    i.USART6_GetCharBlock                    0x0800a294   Section        0  debug_uart.o(i.USART6_GetCharBlock)
    i.USART6_IRQHandler                      0x0800a2cc   Section        0  debug_uart.o(i.USART6_IRQHandler)
    i.USART_ClearFlag                        0x0800a34c   Section        0  stm32f4xx_usart.o(i.USART_ClearFlag)
    i.USART_ClearITPendingBit                0x0800a35e   Section        0  stm32f4xx_usart.o(i.USART_ClearITPendingBit)
    i.USART_Cmd                              0x0800a37c   Section        0  stm32f4xx_usart.o(i.USART_Cmd)
    i.USART_GetITStatus                      0x0800a394   Section        0  stm32f4xx_usart.o(i.USART_GetITStatus)
    i.USART_ITConfig                         0x0800a3e8   Section        0  stm32f4xx_usart.o(i.USART_ITConfig)
    i.USART_Init                             0x0800a434   Section        0  stm32f4xx_usart.o(i.USART_Init)
    i.USART_ReceiveData                      0x0800a508   Section        0  stm32f4xx_usart.o(i.USART_ReceiveData)
    i.UsageFault_Handler                     0x0800a512   Section        0  stm32f4xx_it.o(i.UsageFault_Handler)
    i.Usart6_Init                            0x0800a518   Section        0  debug_uart.o(i.Usart6_Init)
    i.ValueDisplay_Control                   0x0800a5e4   Section        0  ui.o(i.ValueDisplay_Control)
    ValueDisplay_Control                     0x0800a5e5   Thumb Code   194  ui.o(i.ValueDisplay_Control)
    i.WDG_Feed                               0x0800a6b4   Section        0  wdg.o(i.WDG_Feed)
    i.WDG_Init                               0x0800a6bc   Section        0  wdg.o(i.WDG_Init)
    i.__0printf                              0x0800a6e0   Section        0  printfa.o(i.__0printf)
    i.__0sprintf                             0x0800a700   Section        0  printfa.o(i.__0sprintf)
    i.__hardfp_sqrt                          0x0800a728   Section        0  sqrt.o(i.__hardfp_sqrt)
    i.__scatterload_copy                     0x0800a7a2   Section       14  handlers.o(i.__scatterload_copy)
    i.__scatterload_null                     0x0800a7b0   Section        2  handlers.o(i.__scatterload_null)
    i.__scatterload_zeroinit                 0x0800a7b2   Section       14  handlers.o(i.__scatterload_zeroinit)
    i.__set_errno                            0x0800a7c0   Section        0  errno.o(i.__set_errno)
    i._fp_digits                             0x0800a7cc   Section        0  printfa.o(i._fp_digits)
    _fp_digits                               0x0800a7cd   Thumb Code   366  printfa.o(i._fp_digits)
    i._printf_core                           0x0800a950   Section        0  printfa.o(i._printf_core)
    _printf_core                             0x0800a951   Thumb Code  1704  printfa.o(i._printf_core)
    i._printf_post_padding                   0x0800b004   Section        0  printfa.o(i._printf_post_padding)
    _printf_post_padding                     0x0800b005   Thumb Code    36  printfa.o(i._printf_post_padding)
    i._printf_pre_padding                    0x0800b028   Section        0  printfa.o(i._printf_pre_padding)
    _printf_pre_padding                      0x0800b029   Thumb Code    46  printfa.o(i._printf_pre_padding)
    i._sputc                                 0x0800b056   Section        0  printfa.o(i._sputc)
    _sputc                                   0x0800b057   Thumb Code    10  printfa.o(i._sputc)
    i.bsp_DetectKey                          0x0800b060   Section        0  key.o(i.bsp_DetectKey)
    bsp_DetectKey                            0x0800b061   Thumb Code   204  key.o(i.bsp_DetectKey)
    i.bsp_GetKey                             0x0800b130   Section        0  key.o(i.bsp_GetKey)
    i.bsp_InitKeyVar                         0x0800b170   Section        0  key.o(i.bsp_InitKeyVar)
    i.bsp_KeyScan                            0x0800b1d0   Section        0  key.o(i.bsp_KeyScan)
    i.bsp_PutKey                             0x0800b1e8   Section        0  key.o(i.bsp_PutKey)
    i.delay_us                               0x0800b210   Section        0  main.o(i.delay_us)
    i.fputc                                  0x0800b238   Section        0  debug_uart.o(i.fputc)
    i.get_MCU_Type                           0x0800b254   Section        0  main.o(i.get_MCU_Type)
    i.get_RCCCLOCK                           0x0800b30c   Section        0  main.o(i.get_RCCCLOCK)
    i.get_device_sn                          0x0800b42c   Section        0  main.o(i.get_device_sn)
    i.main                                   0x0800b458   Section        0  main.o(i.main)
    i.my_mem_free                            0x0800b5b4   Section        0  malloc.o(i.my_mem_free)
    i.my_mem_malloc                          0x0800b620   Section        0  malloc.o(i.my_mem_malloc)
    i.my_mem_perused                         0x0800b6c8   Section        0  malloc.o(i.my_mem_perused)
    i.myfree                                 0x0800b708   Section        0  malloc.o(i.myfree)
    i.mymalloc                               0x0800b72c   Section        0  malloc.o(i.mymalloc)
    i.mymemset                               0x0800b754   Section        0  malloc.o(i.mymemset)
    i.par_check                              0x0800b768   Section        0  manual.o(i.par_check)
    i.sprintf_value                          0x0800b87c   Section        0  ui.o(i.sprintf_value)
    sprintf_value                            0x0800b87d   Thumb Code  1448  ui.o(i.sprintf_value)
    i.test_eeprom                            0x0800be24   Section        0  at24c64memdata.o(i.test_eeprom)
    i.tim5_delay_us                          0x0800bed0   Section        0  timer.o(i.tim5_delay_us)
    tim5_delay_us                            0x0800bed1   Thumb Code    26  timer.o(i.tim5_delay_us)
    i.trigger_delay_us                       0x0800beea   Section        0  trigger.o(i.trigger_delay_us)
    trigger_delay_us                         0x0800beeb   Thumb Code    26  trigger.o(i.trigger_delay_us)
    .constdata                               0x0800bf04   Section        8  at24c64memdata.o(.constdata)
    .constdata                               0x0800bf0c   Section       24  malloc.o(.constdata)
    .constdata                               0x0800bf24   Section     6080  ssd1961.o(.constdata)
    .conststring                             0x0800d6e4   Section       67  main.o(.conststring)
    .data                                    0x20000000   Section       60  main.o(.data)
    uwTimingDelay                            0x20000000   Data           4  main.o(.data)
    .data                                    0x20000040   Section      416  manual.o(.data)
    .data                                    0x200001e0   Section        3  switch.o(.data)
    bphase_pre                               0x200001e2   Data           1  switch.o(.data)
    .data                                    0x200001e4   Section        4  trigger.o(.data)
    .data                                    0x200001e8   Section       18  at24c64memdata.o(.data)
    .data                                    0x200001fc   Section      155  pulse.o(.data)
    .data                                    0x20000298   Section       36  pulsetran.o(.data)
    dTempVar                                 0x200002b8   Data           4  pulsetran.o(.data)
    .data                                    0x200002bc   Section        5  ui.o(.data)
    firstin                                  0x200002c0   Data           1  ui.o(.data)
    .data                                    0x200002c4   Section       24  timer.o(.data)
    .data                                    0x200002dc   Section        2  codec.o(.data)
    .data                                    0x200002e0   Section       28  malloc.o(.data)
    .data                                    0x200002fc   Section       20  protocol.o(.data)
    statusbar                                0x200002fc   Data           1  protocol.o(.data)
    .data                                    0x20000310   Section        8  debug_uart.o(.data)
    .data                                    0x20000318   Section       16  stm32f4xx_rcc.o(.data)
    APBAHBPrescTable                         0x20000318   Data          16  stm32f4xx_rcc.o(.data)
    .data                                    0x20000328   Section       20  system_stm32f4xx_1.o(.data)
    .data                                    0x2000033c   Section        4  errno.o(.data)
    _errno                                   0x2000033c   Data           4  errno.o(.data)
    .bss                                     0x20000340   Section      244  manual.o(.bss)
    .bss                                     0x20000434   Section       80  pulse.o(.bss)
    .bss                                     0x20000484   Section      128  pulsetran.o(.bss)
    .bss                                     0x20000504   Section      443  ui.o(.bss)
    .bss                                     0x200006c0   Section       16  timer6.o(.bss)
    .bss                                     0x200006d0   Section       12  led.o(.bss)
    .bss                                     0x200006dc   Section      413  key.o(.bss)
    s_tKey                                   0x20000844   Data          53  key.o(.bss)
    .bss                                     0x20000880   Section     8704  malloc.o(.bss)
    .bss                                     0x20002a80   Section     6016  protocol.o(.bss)
    .bss                                     0x20004200   Section       14  ssd1961.o(.bss)
    .bss                                     0x20004210   Section       84  debug_uart.o(.bss)
    STACK                                    0x20004268   Section     1024  startup_stm32f40_41xxx.o(STACK)
    .ARM.__AT_0x68000000                     0x68000000   Section     1024  malloc.o(.ARM.__AT_0x68000000)
    .ARM.__AT_0x68000400                     0x68000400   Section       64  malloc.o(.ARM.__AT_0x68000400)

    Global Symbols

    Symbol Name                              Value     Ov Type        Size  Object(Section)

    BuildAttributes$$THM_ISAv4$E$P$D$K$B$S$7EM$VFPi3$EXTD16$VFPS$VFMA$PE$A:L22UL41UL21$X:L11$S22US41US21$IEEE1$IW$USESV6$~STKCKD$USESV7$~SHL$OTIME$ROPI$IEEEJ$EBA8$MICROLIB$REQ8$PRES8$EABIv2 0x00000000   Number         0  anon$$obj.o ABSOLUTE
    __ARM_use_no_argv                        0x00000000   Number         0  main.o ABSOLUTE
    _printf_a                                0x00000000   Number         0  stubs.o ABSOLUTE
    _printf_c                                0x00000000   Number         0  stubs.o ABSOLUTE
    _printf_charcount                        0x00000000   Number         0  stubs.o ABSOLUTE
    _printf_d                                0x00000000   Number         0  stubs.o ABSOLUTE
    _printf_e                                0x00000000   Number         0  stubs.o ABSOLUTE
    _printf_f                                0x00000000   Number         0  stubs.o ABSOLUTE
    _printf_flags                            0x00000000   Number         0  stubs.o ABSOLUTE
    _printf_fp_dec                           0x00000000   Number         0  stubs.o ABSOLUTE
    _printf_fp_hex                           0x00000000   Number         0  stubs.o ABSOLUTE
    _printf_g                                0x00000000   Number         0  stubs.o ABSOLUTE
    _printf_i                                0x00000000   Number         0  stubs.o ABSOLUTE
    _printf_int_dec                          0x00000000   Number         0  stubs.o ABSOLUTE
    _printf_l                                0x00000000   Number         0  stubs.o ABSOLUTE
    _printf_lc                               0x00000000   Number         0  stubs.o ABSOLUTE
    _printf_ll                               0x00000000   Number         0  stubs.o ABSOLUTE
    _printf_lld                              0x00000000   Number         0  stubs.o ABSOLUTE
    _printf_lli                              0x00000000   Number         0  stubs.o ABSOLUTE
    _printf_llo                              0x00000000   Number         0  stubs.o ABSOLUTE
    _printf_llu                              0x00000000   Number         0  stubs.o ABSOLUTE
    _printf_llx                              0x00000000   Number         0  stubs.o ABSOLUTE
    _printf_longlong_dec                     0x00000000   Number         0  stubs.o ABSOLUTE
    _printf_longlong_hex                     0x00000000   Number         0  stubs.o ABSOLUTE
    _printf_longlong_oct                     0x00000000   Number         0  stubs.o ABSOLUTE
    _printf_ls                               0x00000000   Number         0  stubs.o ABSOLUTE
    _printf_mbtowc                           0x00000000   Number         0  stubs.o ABSOLUTE
    _printf_n                                0x00000000   Number         0  stubs.o ABSOLUTE
    _printf_o                                0x00000000   Number         0  stubs.o ABSOLUTE
    _printf_p                                0x00000000   Number         0  stubs.o ABSOLUTE
    _printf_percent                          0x00000000   Number         0  stubs.o ABSOLUTE
    _printf_pre_padding                      0x00000000   Number         0  stubs.o ABSOLUTE
    _printf_return_value                     0x00000000   Number         0  stubs.o ABSOLUTE
    _printf_s                                0x00000000   Number         0  stubs.o ABSOLUTE
    _printf_sizespec                         0x00000000   Number         0  stubs.o ABSOLUTE
    _printf_str                              0x00000000   Number         0  stubs.o ABSOLUTE
    _printf_truncate_signed                  0x00000000   Number         0  stubs.o ABSOLUTE
    _printf_truncate_unsigned                0x00000000   Number         0  stubs.o ABSOLUTE
    _printf_u                                0x00000000   Number         0  stubs.o ABSOLUTE
    _printf_wc                               0x00000000   Number         0  stubs.o ABSOLUTE
    _printf_wctomb                           0x00000000   Number         0  stubs.o ABSOLUTE
    _printf_widthprec                        0x00000000   Number         0  stubs.o ABSOLUTE
    _printf_x                                0x00000000   Number         0  stubs.o ABSOLUTE
    __arm_fini_                               - Undefined Weak Reference
    __cpp_initialize__aeabi_                  - Undefined Weak Reference
    __cxa_finalize                            - Undefined Weak Reference
    _clock_init                               - Undefined Weak Reference
    _microlib_exit                            - Undefined Weak Reference
    __Vectors_Size                           0x00000188   Number         0  startup_stm32f40_41xxx.o ABSOLUTE
    __Vectors                                0x08000000   Data           4  startup_stm32f40_41xxx.o(RESET)
    __Vectors_End                            0x08000188   Data           0  startup_stm32f40_41xxx.o(RESET)
    __main                                   0x08000189   Thumb Code     0  entry.o(.ARM.Collect$$$$00000000)
    _main_stk                                0x08000189   Thumb Code     0  entry2.o(.ARM.Collect$$$$00000001)
    _main_scatterload                        0x0800018d   Thumb Code     0  entry5.o(.ARM.Collect$$$$00000004)
    __main_after_scatterload                 0x08000191   Thumb Code     0  entry5.o(.ARM.Collect$$$$00000004)
    _main_clock                              0x08000191   Thumb Code     0  entry7b.o(.ARM.Collect$$$$00000008)
    _main_cpp_init                           0x08000191   Thumb Code     0  entry8b.o(.ARM.Collect$$$$0000000A)
    _main_init                               0x08000191   Thumb Code     0  entry9a.o(.ARM.Collect$$$$0000000B)
    __rt_lib_shutdown_fini                   0x08000199   Thumb Code     0  entry12b.o(.ARM.Collect$$$$0000000E)
    __rt_final_cpp                           0x0800019d   Thumb Code     0  entry10a.o(.ARM.Collect$$$$0000000F)
    __rt_final_exit                          0x0800019d   Thumb Code     0  entry11a.o(.ARM.Collect$$$$00000011)
    WFI_SET                                  0x080001a1   Thumb Code     2  sys.o(.emb_text)
    INTX_DISABLE                             0x080001a3   Thumb Code     4  sys.o(.emb_text)
    INTX_ENABLE                              0x080001a7   Thumb Code     4  sys.o(.emb_text)
    MSR_MSP                                  0x080001ab   Thumb Code     6  sys.o(.emb_text)
    Reset_Handler                            0x080001b1   Thumb Code     8  startup_stm32f40_41xxx.o(.text)
    ADC_IRQHandler                           0x080001cb   Thumb Code     0  startup_stm32f40_41xxx.o(.text)
    CAN1_RX0_IRQHandler                      0x080001cb   Thumb Code     0  startup_stm32f40_41xxx.o(.text)
    CAN1_RX1_IRQHandler                      0x080001cb   Thumb Code     0  startup_stm32f40_41xxx.o(.text)
    CAN1_SCE_IRQHandler                      0x080001cb   Thumb Code     0  startup_stm32f40_41xxx.o(.text)
    CAN1_TX_IRQHandler                       0x080001cb   Thumb Code     0  startup_stm32f40_41xxx.o(.text)
    CAN2_RX0_IRQHandler                      0x080001cb   Thumb Code     0  startup_stm32f40_41xxx.o(.text)
    CAN2_RX1_IRQHandler                      0x080001cb   Thumb Code     0  startup_stm32f40_41xxx.o(.text)
    CAN2_SCE_IRQHandler                      0x080001cb   Thumb Code     0  startup_stm32f40_41xxx.o(.text)
    CAN2_TX_IRQHandler                       0x080001cb   Thumb Code     0  startup_stm32f40_41xxx.o(.text)
    CRYP_IRQHandler                          0x080001cb   Thumb Code     0  startup_stm32f40_41xxx.o(.text)
    DCMI_IRQHandler                          0x080001cb   Thumb Code     0  startup_stm32f40_41xxx.o(.text)
    DMA1_Stream0_IRQHandler                  0x080001cb   Thumb Code     0  startup_stm32f40_41xxx.o(.text)
    DMA1_Stream1_IRQHandler                  0x080001cb   Thumb Code     0  startup_stm32f40_41xxx.o(.text)
    DMA1_Stream2_IRQHandler                  0x080001cb   Thumb Code     0  startup_stm32f40_41xxx.o(.text)
    DMA1_Stream3_IRQHandler                  0x080001cb   Thumb Code     0  startup_stm32f40_41xxx.o(.text)
    DMA1_Stream4_IRQHandler                  0x080001cb   Thumb Code     0  startup_stm32f40_41xxx.o(.text)
    DMA1_Stream5_IRQHandler                  0x080001cb   Thumb Code     0  startup_stm32f40_41xxx.o(.text)
    DMA1_Stream6_IRQHandler                  0x080001cb   Thumb Code     0  startup_stm32f40_41xxx.o(.text)
    DMA1_Stream7_IRQHandler                  0x080001cb   Thumb Code     0  startup_stm32f40_41xxx.o(.text)
    DMA2_Stream0_IRQHandler                  0x080001cb   Thumb Code     0  startup_stm32f40_41xxx.o(.text)
    DMA2_Stream1_IRQHandler                  0x080001cb   Thumb Code     0  startup_stm32f40_41xxx.o(.text)
    DMA2_Stream2_IRQHandler                  0x080001cb   Thumb Code     0  startup_stm32f40_41xxx.o(.text)
    DMA2_Stream3_IRQHandler                  0x080001cb   Thumb Code     0  startup_stm32f40_41xxx.o(.text)
    DMA2_Stream4_IRQHandler                  0x080001cb   Thumb Code     0  startup_stm32f40_41xxx.o(.text)
    DMA2_Stream5_IRQHandler                  0x080001cb   Thumb Code     0  startup_stm32f40_41xxx.o(.text)
    DMA2_Stream6_IRQHandler                  0x080001cb   Thumb Code     0  startup_stm32f40_41xxx.o(.text)
    DMA2_Stream7_IRQHandler                  0x080001cb   Thumb Code     0  startup_stm32f40_41xxx.o(.text)
    ETH_IRQHandler                           0x080001cb   Thumb Code     0  startup_stm32f40_41xxx.o(.text)
    ETH_WKUP_IRQHandler                      0x080001cb   Thumb Code     0  startup_stm32f40_41xxx.o(.text)
    EXTI1_IRQHandler                         0x080001cb   Thumb Code     0  startup_stm32f40_41xxx.o(.text)
    EXTI2_IRQHandler                         0x080001cb   Thumb Code     0  startup_stm32f40_41xxx.o(.text)
    EXTI3_IRQHandler                         0x080001cb   Thumb Code     0  startup_stm32f40_41xxx.o(.text)
    EXTI4_IRQHandler                         0x080001cb   Thumb Code     0  startup_stm32f40_41xxx.o(.text)
    EXTI9_5_IRQHandler                       0x080001cb   Thumb Code     0  startup_stm32f40_41xxx.o(.text)
    FLASH_IRQHandler                         0x080001cb   Thumb Code     0  startup_stm32f40_41xxx.o(.text)
    FPU_IRQHandler                           0x080001cb   Thumb Code     0  startup_stm32f40_41xxx.o(.text)
    FSMC_IRQHandler                          0x080001cb   Thumb Code     0  startup_stm32f40_41xxx.o(.text)
    HASH_RNG_IRQHandler                      0x080001cb   Thumb Code     0  startup_stm32f40_41xxx.o(.text)
    I2C1_ER_IRQHandler                       0x080001cb   Thumb Code     0  startup_stm32f40_41xxx.o(.text)
    I2C1_EV_IRQHandler                       0x080001cb   Thumb Code     0  startup_stm32f40_41xxx.o(.text)
    I2C2_ER_IRQHandler                       0x080001cb   Thumb Code     0  startup_stm32f40_41xxx.o(.text)
    I2C2_EV_IRQHandler                       0x080001cb   Thumb Code     0  startup_stm32f40_41xxx.o(.text)
    I2C3_ER_IRQHandler                       0x080001cb   Thumb Code     0  startup_stm32f40_41xxx.o(.text)
    I2C3_EV_IRQHandler                       0x080001cb   Thumb Code     0  startup_stm32f40_41xxx.o(.text)
    OTG_FS_IRQHandler                        0x080001cb   Thumb Code     0  startup_stm32f40_41xxx.o(.text)
    OTG_FS_WKUP_IRQHandler                   0x080001cb   Thumb Code     0  startup_stm32f40_41xxx.o(.text)
    OTG_HS_EP1_IN_IRQHandler                 0x080001cb   Thumb Code     0  startup_stm32f40_41xxx.o(.text)
    OTG_HS_EP1_OUT_IRQHandler                0x080001cb   Thumb Code     0  startup_stm32f40_41xxx.o(.text)
    OTG_HS_IRQHandler                        0x080001cb   Thumb Code     0  startup_stm32f40_41xxx.o(.text)
    OTG_HS_WKUP_IRQHandler                   0x080001cb   Thumb Code     0  startup_stm32f40_41xxx.o(.text)
    PVD_IRQHandler                           0x080001cb   Thumb Code     0  startup_stm32f40_41xxx.o(.text)
    RCC_IRQHandler                           0x080001cb   Thumb Code     0  startup_stm32f40_41xxx.o(.text)
    RTC_Alarm_IRQHandler                     0x080001cb   Thumb Code     0  startup_stm32f40_41xxx.o(.text)
    RTC_WKUP_IRQHandler                      0x080001cb   Thumb Code     0  startup_stm32f40_41xxx.o(.text)
    SDIO_IRQHandler                          0x080001cb   Thumb Code     0  startup_stm32f40_41xxx.o(.text)
    SPI1_IRQHandler                          0x080001cb   Thumb Code     0  startup_stm32f40_41xxx.o(.text)
    SPI2_IRQHandler                          0x080001cb   Thumb Code     0  startup_stm32f40_41xxx.o(.text)
    SPI3_IRQHandler                          0x080001cb   Thumb Code     0  startup_stm32f40_41xxx.o(.text)
    TAMP_STAMP_IRQHandler                    0x080001cb   Thumb Code     0  startup_stm32f40_41xxx.o(.text)
    TIM1_BRK_TIM9_IRQHandler                 0x080001cb   Thumb Code     0  startup_stm32f40_41xxx.o(.text)
    TIM1_CC_IRQHandler                       0x080001cb   Thumb Code     0  startup_stm32f40_41xxx.o(.text)
    TIM1_TRG_COM_TIM11_IRQHandler            0x080001cb   Thumb Code     0  startup_stm32f40_41xxx.o(.text)
    TIM1_UP_TIM10_IRQHandler                 0x080001cb   Thumb Code     0  startup_stm32f40_41xxx.o(.text)
    TIM4_IRQHandler                          0x080001cb   Thumb Code     0  startup_stm32f40_41xxx.o(.text)
    TIM7_IRQHandler                          0x080001cb   Thumb Code     0  startup_stm32f40_41xxx.o(.text)
    TIM8_BRK_TIM12_IRQHandler                0x080001cb   Thumb Code     0  startup_stm32f40_41xxx.o(.text)
    TIM8_CC_IRQHandler                       0x080001cb   Thumb Code     0  startup_stm32f40_41xxx.o(.text)
    TIM8_TRG_COM_TIM14_IRQHandler            0x080001cb   Thumb Code     0  startup_stm32f40_41xxx.o(.text)
    TIM8_UP_TIM13_IRQHandler                 0x080001cb   Thumb Code     0  startup_stm32f40_41xxx.o(.text)
    UART4_IRQHandler                         0x080001cb   Thumb Code     0  startup_stm32f40_41xxx.o(.text)
    UART5_IRQHandler                         0x080001cb   Thumb Code     0  startup_stm32f40_41xxx.o(.text)
    USART1_IRQHandler                        0x080001cb   Thumb Code     0  startup_stm32f40_41xxx.o(.text)
    USART2_IRQHandler                        0x080001cb   Thumb Code     0  startup_stm32f40_41xxx.o(.text)
    USART3_IRQHandler                        0x080001cb   Thumb Code     0  startup_stm32f40_41xxx.o(.text)
    WWDG_IRQHandler                          0x080001cb   Thumb Code     0  startup_stm32f40_41xxx.o(.text)
    __aeabi_uldivmod                         0x080001d5   Thumb Code    98  uldiv.o(.text)
    __aeabi_memset                           0x08000237   Thumb Code    14  memseta.o(.text)
    __aeabi_memset4                          0x08000237   Thumb Code     0  memseta.o(.text)
    __aeabi_memset8                          0x08000237   Thumb Code     0  memseta.o(.text)
    __aeabi_memclr                           0x08000245   Thumb Code     4  memseta.o(.text)
    __aeabi_memclr4                          0x08000245   Thumb Code     0  memseta.o(.text)
    __aeabi_memclr8                          0x08000245   Thumb Code     0  memseta.o(.text)
    _memset$wrapper                          0x08000249   Thumb Code    18  memseta.o(.text)
    strlen                                   0x0800025b   Thumb Code    14  strlen.o(.text)
    strcmp                                   0x08000269   Thumb Code    28  strcmp.o(.text)
    strcpy                                   0x08000285   Thumb Code    18  strcpy.o(.text)
    strncmp                                  0x08000297   Thumb Code    30  strncmp.o(.text)
    __aeabi_dadd                             0x080002b5   Thumb Code   322  dadd.o(.text)
    __aeabi_dsub                             0x080003f7   Thumb Code     6  dadd.o(.text)
    __aeabi_drsub                            0x080003fd   Thumb Code     6  dadd.o(.text)
    __aeabi_dmul                             0x08000403   Thumb Code   228  dmul.o(.text)
    __aeabi_ddiv                             0x080004e7   Thumb Code   222  ddiv.o(.text)
    __aeabi_ul2f                             0x080005c5   Thumb Code    28  ffltul.o(.text)
    __aeabi_ui2d                             0x080005e1   Thumb Code    26  dfltui.o(.text)
    __aeabi_l2d                              0x080005fb   Thumb Code    40  dfltl.o(.text)
    __aeabi_ul2d                             0x08000623   Thumb Code    24  dfltul.o(.text)
    __aeabi_d2uiz                            0x0800063b   Thumb Code    50  dfixui.o(.text)
    __aeabi_f2d                              0x0800066d   Thumb Code    38  f2d.o(.text)
    __aeabi_uidiv                            0x08000693   Thumb Code     0  uidiv.o(.text)
    __aeabi_uidivmod                         0x08000693   Thumb Code    44  uidiv.o(.text)
    __aeabi_llsl                             0x080006bf   Thumb Code    30  llshl.o(.text)
    _ll_shift_l                              0x080006bf   Thumb Code     0  llshl.o(.text)
    __aeabi_llsr                             0x080006dd   Thumb Code    32  llushr.o(.text)
    _ll_ushift_r                             0x080006dd   Thumb Code     0  llushr.o(.text)
    __aeabi_lasr                             0x080006fd   Thumb Code    36  llsshr.o(.text)
    _ll_sshift_r                             0x080006fd   Thumb Code     0  llsshr.o(.text)
    __I$use$fp                               0x08000721   Thumb Code     0  iusefp.o(.text)
    _float_round                             0x08000721   Thumb Code    18  fepilogue.o(.text)
    _float_epilogue                          0x08000733   Thumb Code    92  fepilogue.o(.text)
    _double_round                            0x0800078f   Thumb Code    30  depilogue.o(.text)
    _double_epilogue                         0x080007ad   Thumb Code   156  depilogue.o(.text)
    _dsqrt                                   0x08000849   Thumb Code   162  dsqrt.o(.text)
    __aeabi_d2ulz                            0x080008eb   Thumb Code    48  dfixul.o(.text)
    __aeabi_cdrcmple                         0x0800091d   Thumb Code    48  cdrcmple.o(.text)
    __scatterload                            0x0800094d   Thumb Code    28  init.o(.text)
    __scatterload_rt2                        0x0800094d   Thumb Code     0  init.o(.text)
    __decompress                             0x08000971   Thumb Code     0  __dczerorl2.o(.text)
    __decompress1                            0x08000971   Thumb Code    86  __dczerorl2.o(.text)
    AD5542_Output                            0x080009c7   Thumb Code    56  dac.o(i.AD5542_Output)
    AT24CXX_Init                             0x08000b09   Thumb Code     8  at24c64.o(i.AT24CXX_Init)
    AT24CXX_Read                             0x08000b11   Thumb Code    34  at24c64.o(i.AT24CXX_Read)
    AT24CXX_ReadOneByte                      0x08000b33   Thumb Code    84  at24c64.o(i.AT24CXX_ReadOneByte)
    AT24CXX_Write                            0x08000b87   Thumb Code    36  at24c64.o(i.AT24CXX_Write)
    AT24CXX_WriteOneByte                     0x08000bab   Thumb Code    76  at24c64.o(i.AT24CXX_WriteOneByte)
    Beep_Init                                0x08000bf9   Thumb Code    56  beep.o(i.Beep_Init)
    Btn_Init                                 0x08000c35   Thumb Code    78  key.o(i.Btn_Init)
    BusFault_Handler                         0x08000c89   Thumb Code     4  stm32f4xx_it.o(i.BusFault_Handler)
    CRC16_Check                              0x08000c8d   Thumb Code    58  sys.o(i.CRC16_Check)
    Codec_Init                               0x08000cc9   Thumb Code   182  codec.o(i.Codec_Init)
    DebugMon_Handler                         0x08000d85   Thumb Code     2  stm32f4xx_it.o(i.DebugMon_Handler)
    Delay_ms                                 0x08000d89   Thumb Code    20  main.o(i.Delay_ms)
    Disable_Timer5                           0x08000da1   Thumb Code    50  timer.o(i.Disable_Timer5)
    EXTI0_IRQHandler                         0x08000de1   Thumb Code   376  trigger.o(i.EXTI0_IRQHandler)
    EXTI15_10_IRQHandler                     0x08000f81   Thumb Code   112  codec.o(i.EXTI15_10_IRQHandler)
    EXTI_ClearITPendingBit                   0x08001009   Thumb Code     6  stm32f4xx_exti.o(i.EXTI_ClearITPendingBit)
    EXTI_GetITStatus                         0x08001015   Thumb Code    20  stm32f4xx_exti.o(i.EXTI_GetITStatus)
    EXTI_Init                                0x0800102d   Thumb Code   142  stm32f4xx_exti.o(i.EXTI_Init)
    Enable_Timer5                            0x080010c1   Thumb Code   168  timer.o(i.Enable_Timer5)
    FSMC_NORSRAMCmd                          0x08001181   Thumb Code    46  stm32f4xx_fsmc.o(i.FSMC_NORSRAMCmd)
    FSMC_NORSRAMInit                         0x080011b5   Thumb Code   282  stm32f4xx_fsmc.o(i.FSMC_NORSRAMInit)
    GPIO_Init                                0x080012d9   Thumb Code   144  stm32f4xx_gpio.o(i.GPIO_Init)
    GPIO_PinAFConfig                         0x08001369   Thumb Code    70  stm32f4xx_gpio.o(i.GPIO_PinAFConfig)
    GPIO_ResetBits                           0x080013af   Thumb Code     4  stm32f4xx_gpio.o(i.GPIO_ResetBits)
    GPIO_SetBits                             0x080013b3   Thumb Code     4  stm32f4xx_gpio.o(i.GPIO_SetBits)
    Get_MCU_POR_Times                        0x080013b9   Thumb Code    36  at24c64memdata.o(i.Get_MCU_POR_Times)
    HardFault_Handler                        0x080013e1   Thumb Code     4  stm32f4xx_it.o(i.HardFault_Handler)
    IIC_Ack                                  0x080013e5   Thumb Code    66  at24c64iic.o(i.IIC_Ack)
    IIC_Init                                 0x08001435   Thumb Code    60  at24c64iic.o(i.IIC_Init)
    IIC_NAck                                 0x0800147d   Thumb Code    66  at24c64iic.o(i.IIC_NAck)
    IIC_Read_Byte                            0x080014cd   Thumb Code    88  at24c64iic.o(i.IIC_Read_Byte)
    IIC_Send_Byte                            0x08001531   Thumb Code    90  at24c64iic.o(i.IIC_Send_Byte)
    IIC_Start                                0x08001599   Thumb Code    64  at24c64iic.o(i.IIC_Start)
    IIC_Stop                                 0x080015e5   Thumb Code    64  at24c64iic.o(i.IIC_Stop)
    IIC_Wait_Ack                             0x08001631   Thumb Code    80  at24c64iic.o(i.IIC_Wait_Ack)
    IO_Init                                  0x0800168d   Thumb Code   448  main.o(i.IO_Init)
    IWDG_Enable                              0x0800187d   Thumb Code    10  stm32f4xx_iwdg.o(i.IWDG_Enable)
    IWDG_ReloadCounter                       0x0800188d   Thumb Code    10  stm32f4xx_iwdg.o(i.IWDG_ReloadCounter)
    IWDG_SetPrescaler                        0x0800189d   Thumb Code     6  stm32f4xx_iwdg.o(i.IWDG_SetPrescaler)
    IWDG_SetReload                           0x080018a9   Thumb Code     6  stm32f4xx_iwdg.o(i.IWDG_SetReload)
    IWDG_WriteAccessCmd                      0x080018b5   Thumb Code     6  stm32f4xx_iwdg.o(i.IWDG_WriteAccessCmd)
    Init_Devices                             0x080018c1   Thumb Code   582  main.o(i.Init_Devices)
    Init_SysTick                             0x08001d39   Thumb Code    66  main.o(i.Init_SysTick)
    LCDRST_Init                              0x08002039   Thumb Code   108  ssd1961.o(i.LCDRST_Init)
    LCD_Clear                                0x080020a9   Thumb Code   106  ssd1961.o(i.LCD_Clear)
    LCD_Display_Dir                          0x0800211d   Thumb Code   128  ssd1961.o(i.LCD_Display_Dir)
    LCD_Fast_DrawPoint                       0x080021a1   Thumb Code   118  ssd1961.o(i.LCD_Fast_DrawPoint)
    LCD_Fill                                 0x08002221   Thumb Code    88  ssd1961.o(i.LCD_Fill)
    LCD_Init                                 0x0800227d   Thumb Code  1128  ssd1961.o(i.LCD_Init)
    LCD_RD_DATA                              0x080026e5   Thumb Code    14  ssd1961.o(i.LCD_RD_DATA)
    LCD_ReadReg                              0x080026f9   Thumb Code    22  ssd1961.o(i.LCD_ReadReg)
    LCD_SSD_BackLightSet                     0x08002711   Thumb Code    92  ssd1961.o(i.LCD_SSD_BackLightSet)
    LCD_Scan_Dir                             0x08002775   Thumb Code   752  ssd1961.o(i.LCD_Scan_Dir)
    LCD_SetCursor                            0x08002a69   Thumb Code   166  ssd1961.o(i.LCD_SetCursor)
    LCD_ShowString_WithColor                 0x08002c35   Thumb Code   110  ssd1961.o(i.LCD_ShowString_WithColor)
    LCD_WR_DATA                              0x08002ca5   Thumb Code     6  ssd1961.o(i.LCD_WR_DATA)
    LCD_WR_REG                               0x08002cb1   Thumb Code     6  ssd1961.o(i.LCD_WR_REG)
    LCD_WriteRAM_Prepare                     0x08002cbd   Thumb Code    10  ssd1961.o(i.LCD_WriteRAM_Prepare)
    LCD_WriteReg                             0x08002cd1   Thumb Code    10  ssd1961.o(i.LCD_WriteReg)
    LED_Init                                 0x08002ce1   Thumb Code   158  led.o(i.LED_Init)
    Led_ModePartOff                          0x08002d95   Thumb Code    26  led.o(i.Led_ModePartOff)
    Led_ParamPartOff                         0x08002dbd   Thumb Code    26  led.o(i.Led_ParamPartOff)
    Led_ShortOn_Poll                         0x08002de1   Thumb Code   148  led.o(i.Led_ShortOn_Poll)
    MCU_RESET_Log                            0x08002e81   Thumb Code   106  main.o(i.MCU_RESET_Log)
    Manual_Poll                              0x08002f79   Thumb Code  3084  manual.o(i.Manual_Poll)
    MemManage_Handler                        0x08003b9d   Thumb Code     4  stm32f4xx_it.o(i.MemManage_Handler)
    Memory_ConfigLoad                        0x08003ba1   Thumb Code  2906  at24c64memdata.o(i.Memory_ConfigLoad)
    Memory_OverLimit_Process                 0x08004781   Thumb Code    22  at24c64memdata.o(i.Memory_OverLimit_Process)
    Memory_Poll                              0x08004799   Thumb Code   762  at24c64memdata.o(i.Memory_Poll)
    My_Mem_Init                              0x08004c6d   Thumb Code    54  malloc.o(i.My_Mem_Init)
    NMI_Handler                              0x08004cb1   Thumb Code     2  stm32f4xx_it.o(i.NMI_Handler)
    NVIC_Init                                0x08004cb5   Thumb Code   106  misc.o(i.NVIC_Init)
    NVIC_PriorityGroupConfig                 0x08004d2d   Thumb Code    10  misc.o(i.NVIC_PriorityGroupConfig)
    Output_VorC                              0x08004d69   Thumb Code   172  output.o(i.Output_VorC)
    ParamEdit_RefreshPre                     0x08004e21   Thumb Code   324  ui.o(i.ParamEdit_RefreshPre)
    PendSV_Handler                           0x080051b9   Thumb Code     2  stm32f4xx_it.o(i.PendSV_Handler)
    Process_COMMAND_CONTINUE                 0x080051bd   Thumb Code    24  protocol.o(i.Process_COMMAND_CONTINUE)
    Process_COMMAND_PAUSE                    0x080051dd   Thumb Code    24  protocol.o(i.Process_COMMAND_PAUSE)
    Process_COMMAND_START                    0x080051fd   Thumb Code  1402  protocol.o(i.Process_COMMAND_START)
    Process_COMMAND_STOP                     0x080057e9   Thumb Code    68  protocol.o(i.Process_COMMAND_STOP)
    PulseTran_FreeRun                        0x08005845   Thumb Code   320  pulsetran.o(i.PulseTran_FreeRun)
    PulseTran_Single                         0x08005999   Thumb Code   356  pulsetran.o(i.PulseTran_Single)
    PulseTran_Train                          0x08005dcd   Thumb Code   468  pulsetran.o(i.PulseTran_Train)
    RCC_AHB1PeriphClockCmd                   0x08005fbd   Thumb Code    26  stm32f4xx_rcc.o(i.RCC_AHB1PeriphClockCmd)
    RCC_AHB3PeriphClockCmd                   0x08005fdd   Thumb Code    26  stm32f4xx_rcc.o(i.RCC_AHB3PeriphClockCmd)
    RCC_APB1PeriphClockCmd                   0x08005ffd   Thumb Code    26  stm32f4xx_rcc.o(i.RCC_APB1PeriphClockCmd)
    RCC_APB1PeriphResetCmd                   0x0800601d   Thumb Code    26  stm32f4xx_rcc.o(i.RCC_APB1PeriphResetCmd)
    RCC_APB2PeriphClockCmd                   0x0800603d   Thumb Code    26  stm32f4xx_rcc.o(i.RCC_APB2PeriphClockCmd)
    RCC_APB2PeriphResetCmd                   0x0800605d   Thumb Code    26  stm32f4xx_rcc.o(i.RCC_APB2PeriphResetCmd)
    RCC_ClearFlag                            0x0800607d   Thumb Code    14  stm32f4xx_rcc.o(i.RCC_ClearFlag)
    RCC_GetClocksFreq                        0x08006091   Thumb Code   214  stm32f4xx_rcc.o(i.RCC_GetClocksFreq)
    RCC_GetFlagStatus                        0x08006179   Thumb Code    60  stm32f4xx_rcc.o(i.RCC_GetFlagStatus)
    RCC_HSEConfig                            0x080061b9   Thumb Code    12  stm32f4xx_rcc.o(i.RCC_HSEConfig)
    SPI1_Configuration                       0x080061c9   Thumb Code   214  dac.o(i.SPI1_Configuration)
    SPI1_WriteByte                           0x080062a9   Thumb Code    66  dac.o(i.SPI1_WriteByte)
    SPI_Cmd                                  0x080062f1   Thumb Code    24  stm32f4xx_spi.o(i.SPI_Cmd)
    SPI_I2S_DeInit                           0x08006309   Thumb Code   152  stm32f4xx_spi.o(i.SPI_I2S_DeInit)
    SPI_Init                                 0x080063b9   Thumb Code    60  stm32f4xx_spi.o(i.SPI_Init)
    SVC_Handler                              0x080064b9   Thumb Code     2  stm32f4xx_it.o(i.SVC_Handler)
    SYSCFG_EXTILineConfig                    0x080064bd   Thumb Code    60  stm32f4xx_syscfg.o(i.SYSCFG_EXTILineConfig)
    SettingInfo_Modify                       0x08006715   Thumb Code  2352  manual.o(i.SettingInfo_Modify)
    Switch_Ctrl                              0x08007051   Thumb Code   180  switch.o(i.Switch_Ctrl)
    Switch_Init                              0x080071b5   Thumb Code    72  switch.o(i.Switch_Init)
    SysTick_Handler                          0x08007205   Thumb Code   100  stm32f4xx_it.o(i.SysTick_Handler)
    SystemInit                               0x0800727d   Thumb Code    88  system_stm32f4xx_1.o(i.SystemInit)
    TIM2_IRQHandler                          0x080072e5   Thumb Code    70  timer.o(i.TIM2_IRQHandler)
    TIM3_IRQHandler                          0x0800733d   Thumb Code   202  timer.o(i.TIM3_IRQHandler)
    TIM5_IRQHandler                          0x0800741d   Thumb Code   392  timer.o(i.TIM5_IRQHandler)
    TIM6_DAC_IRQHandler                      0x080075d9   Thumb Code    56  timer6.o(i.TIM6_DAC_IRQHandler)
    TIM_ClearITPendingBit                    0x08007619   Thumb Code     6  stm32f4xx_tim.o(i.TIM_ClearITPendingBit)
    TIM_Cmd                                  0x0800761f   Thumb Code    24  stm32f4xx_tim.o(i.TIM_Cmd)
    TIM_GetITStatus                          0x08007637   Thumb Code    34  stm32f4xx_tim.o(i.TIM_GetITStatus)
    TIM_ITConfig                             0x08007659   Thumb Code    18  stm32f4xx_tim.o(i.TIM_ITConfig)
    TIM_TimeBaseInit                         0x0800766d   Thumb Code   104  stm32f4xx_tim.o(i.TIM_TimeBaseInit)
    Timer2_Init                              0x08007793   Thumb Code    82  timer.o(i.Timer2_Init)
    Timer3_Init                              0x080077e5   Thumb Code    88  timer.o(i.Timer3_Init)
    Timer5_Init                              0x08007841   Thumb Code    88  timer.o(i.Timer5_Init)
    Timer6_Init                              0x0800789d   Thumb Code    88  timer6.o(i.Timer6_Init)
    TriggerExIN01_Init                       0x08007965   Thumb Code   114  trigger.o(i.TriggerExIN01_Init)
    TriggerExIN23_Init                       0x080079dd   Thumb Code   114  trigger.o(i.TriggerExIN23_Init)
    TriggerOUT_Init                          0x08007a55   Thumb Code    54  trigger.o(i.TriggerOUT_Init)
    UI_DeskTopInit                           0x080095cd   Thumb Code    30  ui.o(i.UI_DeskTopInit)
    UI_Poll                                  0x0800a00d   Thumb Code    30  ui.o(i.UI_Poll)
    UO_Update                                0x0800a031   Thumb Code   546  trigger.o(i.UO_Update)
    USART6_GetChar                           0x0800a275   Thumb Code    28  debug_uart.o(i.USART6_GetChar)
    USART6_GetCharBlock                      0x0800a295   Thumb Code    52  debug_uart.o(i.USART6_GetCharBlock)
    USART6_IRQHandler                        0x0800a2cd   Thumb Code   112  debug_uart.o(i.USART6_IRQHandler)
    USART_ClearFlag                          0x0800a34d   Thumb Code    18  stm32f4xx_usart.o(i.USART_ClearFlag)
    USART_ClearITPendingBit                  0x0800a35f   Thumb Code    30  stm32f4xx_usart.o(i.USART_ClearITPendingBit)
    USART_Cmd                                0x0800a37d   Thumb Code    24  stm32f4xx_usart.o(i.USART_Cmd)
    USART_GetITStatus                        0x0800a395   Thumb Code    84  stm32f4xx_usart.o(i.USART_GetITStatus)
    USART_ITConfig                           0x0800a3e9   Thumb Code    74  stm32f4xx_usart.o(i.USART_ITConfig)
    USART_Init                               0x0800a435   Thumb Code   204  stm32f4xx_usart.o(i.USART_Init)
    USART_ReceiveData                        0x0800a509   Thumb Code    10  stm32f4xx_usart.o(i.USART_ReceiveData)
    UsageFault_Handler                       0x0800a513   Thumb Code     4  stm32f4xx_it.o(i.UsageFault_Handler)
    Usart6_Init                              0x0800a519   Thumb Code   196  debug_uart.o(i.Usart6_Init)
    WDG_Feed                                 0x0800a6b5   Thumb Code     8  wdg.o(i.WDG_Feed)
    WDG_Init                                 0x0800a6bd   Thumb Code    36  wdg.o(i.WDG_Init)
    __0printf                                0x0800a6e1   Thumb Code    22  printfa.o(i.__0printf)
    __1printf                                0x0800a6e1   Thumb Code     0  printfa.o(i.__0printf)
    __2printf                                0x0800a6e1   Thumb Code     0  printfa.o(i.__0printf)
    __c89printf                              0x0800a6e1   Thumb Code     0  printfa.o(i.__0printf)
    printf                                   0x0800a6e1   Thumb Code     0  printfa.o(i.__0printf)
    __0sprintf                               0x0800a701   Thumb Code    34  printfa.o(i.__0sprintf)
    __1sprintf                               0x0800a701   Thumb Code     0  printfa.o(i.__0sprintf)
    __2sprintf                               0x0800a701   Thumb Code     0  printfa.o(i.__0sprintf)
    __c89sprintf                             0x0800a701   Thumb Code     0  printfa.o(i.__0sprintf)
    sprintf                                  0x0800a701   Thumb Code     0  printfa.o(i.__0sprintf)
    __hardfp_sqrt                            0x0800a729   Thumb Code   122  sqrt.o(i.__hardfp_sqrt)
    __scatterload_copy                       0x0800a7a3   Thumb Code    14  handlers.o(i.__scatterload_copy)
    __scatterload_null                       0x0800a7b1   Thumb Code     2  handlers.o(i.__scatterload_null)
    __scatterload_zeroinit                   0x0800a7b3   Thumb Code    14  handlers.o(i.__scatterload_zeroinit)
    __set_errno                              0x0800a7c1   Thumb Code     6  errno.o(i.__set_errno)
    bsp_GetKey                               0x0800b131   Thumb Code    58  key.o(i.bsp_GetKey)
    bsp_InitKeyVar                           0x0800b171   Thumb Code    88  key.o(i.bsp_InitKeyVar)
    bsp_KeyScan                              0x0800b1d1   Thumb Code    22  key.o(i.bsp_KeyScan)
    bsp_PutKey                               0x0800b1e9   Thumb Code    36  key.o(i.bsp_PutKey)
    delay_us                                 0x0800b211   Thumb Code    38  main.o(i.delay_us)
    fputc                                    0x0800b239   Thumb Code    24  debug_uart.o(i.fputc)
    get_MCU_Type                             0x0800b255   Thumb Code    96  main.o(i.get_MCU_Type)
    get_RCCCLOCK                             0x0800b30d   Thumb Code   166  main.o(i.get_RCCCLOCK)
    get_device_sn                            0x0800b42d   Thumb Code    24  main.o(i.get_device_sn)
    main                                     0x0800b459   Thumb Code   268  main.o(i.main)
    my_mem_free                              0x0800b5b5   Thumb Code    96  malloc.o(i.my_mem_free)
    my_mem_malloc                            0x0800b621   Thumb Code   156  malloc.o(i.my_mem_malloc)
    my_mem_perused                           0x0800b6c9   Thumb Code    54  malloc.o(i.my_mem_perused)
    myfree                                   0x0800b709   Thumb Code    30  malloc.o(i.myfree)
    mymalloc                                 0x0800b72d   Thumb Code    34  malloc.o(i.mymalloc)
    mymemset                                 0x0800b755   Thumb Code    20  malloc.o(i.mymemset)
    par_check                                0x0800b769   Thumb Code   254  manual.o(i.par_check)
    test_eeprom                              0x0800be25   Thumb Code    66  at24c64memdata.o(i.test_eeprom)
    Device_Prefix                            0x0800bf04   Data           8  at24c64memdata.o(.constdata)
    memtblsize                               0x0800bf0c   Data           8  malloc.o(.constdata)
    memblksize                               0x0800bf14   Data           8  malloc.o(.constdata)
    memsize                                  0x0800bf1c   Data           8  malloc.o(.constdata)
    asc2_1206                                0x0800bf24   Data        1140  ssd1961.o(.constdata)
    asc2_1608                                0x0800c398   Data        1520  ssd1961.o(.constdata)
    asc2_2412                                0x0800c988   Data        3420  ssd1961.o(.constdata)
    Region$$Table$$Base                      0x0800d728   Number         0  anon$$obj.o(Region$$Table)
    Region$$Table$$Limit                     0x0800d748   Number         0  anon$$obj.o(Region$$Table)
    SysTick_Count                            0x20000004   Data           4  main.o(.data)
    SysTick_Count1                           0x20000008   Data           4  main.o(.data)
    TimingDelay                              0x2000000c   Data           4  main.o(.data)
    UI_TASK_POLL_FLAG                        0x20000010   Data           1  main.o(.data)
    MCU_idAddr                               0x20000014   Data          40  main.o(.data)
    UserOperation                            0x20000040   Data         376  manual.o(.data)
    Wave_type                                0x200001b8   Data           1  manual.o(.data)
    Ceiling                                  0x200001c0   Data          32  manual.o(.data)
    Switch                                   0x200001e0   Data           2  switch.o(.data)
    ex_bnc_flag                              0x200001e4   Data           4  trigger.o(.data)
    Device_SN                                0x200001e8   Data          18  at24c64memdata.o(.data)
    Tbl_TIM_CNT                              0x200001fc   Data          32  pulse.o(.data)
    Tbl_TIM_ARR                              0x2000021c   Data          32  pulse.o(.data)
    Tbl_TIM_PSC                              0x2000023c   Data          32  pulse.o(.data)
    Tbl_TIM_CCRx                             0x2000025c   Data          32  pulse.o(.data)
    DOState                                  0x2000027c   Data          26  pulse.o(.data)
    DOStatue                                 0x20000296   Data           1  pulse.o(.data)
    pPwmArrayParam                           0x20000298   Data          32  pulsetran.o(.data)
    Color                                    0x200002bc   Data           4  ui.o(.data)
    T2                                       0x200002c4   Data           4  timer.o(.data)
    TIM5_IRQ_Count                           0x200002c8   Data           4  timer.o(.data)
    tim5_ix                                  0x200002cc   Data           4  timer.o(.data)
    tim5_iy                                  0x200002d0   Data           4  timer.o(.data)
    BNCMode_Reflash_LCD_Status               0x200002d4   Data           1  timer.o(.data)
    tim3_count                               0x200002d8   Data           4  timer.o(.data)
    Rotate_Increase_Cnt                      0x200002dc   Data           1  codec.o(.data)
    Rotate_Decrease_Cnt                      0x200002dd   Data           1  codec.o(.data)
    mallco_dev                               0x200002e0   Data          28  malloc.o(.data)
    tim5_arr                                 0x20000300   Data           4  protocol.o(.data)
    train_count                              0x20000304   Data           4  protocol.o(.data)
    train_acount                             0x20000308   Data           4  protocol.o(.data)
    pluse_Compensate                         0x2000030c   Data           4  protocol.o(.data)
    Usart6Flag                               0x20000310   Data           1  debug_uart.o(.data)
    Usart6_rx_len                            0x20000312   Data           2  debug_uart.o(.data)
    __stdout                                 0x20000314   Data           4  debug_uart.o(.data)
    SystemCoreClock                          0x20000328   Data           4  system_stm32f4xx_1.o(.data)
    AHBPrescTable                            0x2000032c   Data          16  system_stm32f4xx_1.o(.data)
    sAdditionalData                          0x20000340   Data          22  manual.o(.bss)
    sMemData                                 0x20000356   Data         222  manual.o(.bss)
    TimerRun                                 0x20000434   Data          80  pulse.o(.bss)
    PwmArrayParam                            0x20000484   Data         128  pulsetran.o(.bss)
    UI                                       0x20000504   Data         443  ui.o(.bss)
    T6                                       0x200006c0   Data          16  timer6.o(.bss)
    LedShortOn                               0x200006d0   Data          12  led.o(.bss)
    s_tBtn                                   0x200006dc   Data         360  key.o(.bss)
    mem1base                                 0x20000880   Data        8192  malloc.o(.bss)
    mem1mapbase                              0x20002880   Data         512  malloc.o(.bss)
    PulseConf                                0x20002a80   Data        6016  protocol.o(.bss)
    lcddev                                   0x20004200   Data          14  ssd1961.o(.bss)
    usart6_rbuf                              0x20004210   Data          72  debug_uart.o(.bss)
    U6                                       0x20004258   Data          12  debug_uart.o(.bss)
    __initial_sp                             0x20004668   Data           0  startup_stm32f40_41xxx.o(STACK)
    mem2base                                 0x68000000   Data        1024  malloc.o(.ARM.__AT_0x68000000)
    mem2mapbase                              0x68000400   Data          64  malloc.o(.ARM.__AT_0x68000400)



==============================================================================

Memory Map of the image

  Image Entry point : 0x08000189

  Load Region LR_IROM1 (Base: 0x08000000, Size: 0x0000da88, Max: 0x00080000, ABSOLUTE, COMPRESSED[0x0000d840])

    Execution Region ER_IROM1 (Exec base: 0x08000000, Load base: 0x08000000, Size: 0x0000d748, Max: 0x00080000, ABSOLUTE)

    Exec Addr    Load Addr    Size         Type   Attr      Idx    E Section Name        Object

    0x08000000   0x08000000   0x00000188   Data   RO         7141    RESET               startup_stm32f40_41xxx.o
    0x08000188   0x08000188   0x00000000   Code   RO         7158  * .ARM.Collect$$$$00000000  mc_w.l(entry.o)
    0x08000188   0x08000188   0x00000004   Code   RO         7454    .ARM.Collect$$$$00000001  mc_w.l(entry2.o)
    0x0800018c   0x0800018c   0x00000004   Code   RO         7457    .ARM.Collect$$$$00000004  mc_w.l(entry5.o)
    0x08000190   0x08000190   0x00000000   Code   RO         7459    .ARM.Collect$$$$00000008  mc_w.l(entry7b.o)
    0x08000190   0x08000190   0x00000000   Code   RO         7461    .ARM.Collect$$$$0000000A  mc_w.l(entry8b.o)
    0x08000190   0x08000190   0x00000008   Code   RO         7462    .ARM.Collect$$$$0000000B  mc_w.l(entry9a.o)
    0x08000198   0x08000198   0x00000004   Code   RO         7469    .ARM.Collect$$$$0000000E  mc_w.l(entry12b.o)
    0x0800019c   0x0800019c   0x00000000   Code   RO         7464    .ARM.Collect$$$$0000000F  mc_w.l(entry10a.o)
    0x0800019c   0x0800019c   0x00000000   Code   RO         7466    .ARM.Collect$$$$00000011  mc_w.l(entry11a.o)
    0x0800019c   0x0800019c   0x00000004   Code   RO         7455    .ARM.Collect$$$$00002712  mc_w.l(entry2.o)
    0x080001a0   0x080001a0   0x00000010   Code   RO         1954    .emb_text           sys.o
    0x080001b0   0x080001b0   0x00000024   Code   RO         7142    .text               startup_stm32f40_41xxx.o
    0x080001d4   0x080001d4   0x00000062   Code   RO         7161    .text               mc_w.l(uldiv.o)
    0x08000236   0x08000236   0x00000024   Code   RO         7163    .text               mc_w.l(memseta.o)
    0x0800025a   0x0800025a   0x0000000e   Code   RO         7165    .text               mc_w.l(strlen.o)
    0x08000268   0x08000268   0x0000001c   Code   RO         7167    .text               mc_w.l(strcmp.o)
    0x08000284   0x08000284   0x00000012   Code   RO         7169    .text               mc_w.l(strcpy.o)
    0x08000296   0x08000296   0x0000001e   Code   RO         7171    .text               mc_w.l(strncmp.o)
    0x080002b4   0x080002b4   0x0000014e   Code   RO         7434    .text               mf_w.l(dadd.o)
    0x08000402   0x08000402   0x000000e4   Code   RO         7436    .text               mf_w.l(dmul.o)
    0x080004e6   0x080004e6   0x000000de   Code   RO         7438    .text               mf_w.l(ddiv.o)
    0x080005c4   0x080005c4   0x0000001c   Code   RO         7440    .text               mf_w.l(ffltul.o)
    0x080005e0   0x080005e0   0x0000001a   Code   RO         7442    .text               mf_w.l(dfltui.o)
    0x080005fa   0x080005fa   0x00000028   Code   RO         7444    .text               mf_w.l(dfltl.o)
    0x08000622   0x08000622   0x00000018   Code   RO         7446    .text               mf_w.l(dfltul.o)
    0x0800063a   0x0800063a   0x00000032   Code   RO         7450    .text               mf_w.l(dfixui.o)
    0x0800066c   0x0800066c   0x00000026   Code   RO         7452    .text               mf_w.l(f2d.o)
    0x08000692   0x08000692   0x0000002c   Code   RO         7470    .text               mc_w.l(uidiv.o)
    0x080006be   0x080006be   0x0000001e   Code   RO         7472    .text               mc_w.l(llshl.o)
    0x080006dc   0x080006dc   0x00000020   Code   RO         7474    .text               mc_w.l(llushr.o)
    0x080006fc   0x080006fc   0x00000024   Code   RO         7476    .text               mc_w.l(llsshr.o)
    0x08000720   0x08000720   0x00000000   Code   RO         7485    .text               mc_w.l(iusefp.o)
    0x08000720   0x08000720   0x0000006e   Code   RO         7486    .text               mf_w.l(fepilogue.o)
    0x0800078e   0x0800078e   0x000000ba   Code   RO         7488    .text               mf_w.l(depilogue.o)
    0x08000848   0x08000848   0x000000a2   Code   RO         7490    .text               mf_w.l(dsqrt.o)
    0x080008ea   0x080008ea   0x00000030   Code   RO         7492    .text               mf_w.l(dfixul.o)
    0x0800091a   0x0800091a   0x00000002   PAD
    0x0800091c   0x0800091c   0x00000030   Code   RO         7496    .text               mf_w.l(cdrcmple.o)
    0x0800094c   0x0800094c   0x00000024   Code   RO         7498    .text               mc_w.l(init.o)
    0x08000970   0x08000970   0x00000056   Code   RO         7508    .text               mc_w.l(__dczerorl2.o)
    0x080009c6   0x080009c6   0x00000038   Code   RO         1084    i.AD5542_Output     dac.o
    0x080009fe   0x080009fe   0x00000002   PAD
    0x08000a00   0x08000a00   0x00000084   Code   RO         1085    i.AD5542_WriteA     dac.o
    0x08000a84   0x08000a84   0x00000084   Code   RO         1086    i.AD5542_WriteB     dac.o
    0x08000b08   0x08000b08   0x00000008   Code   RO         1331    i.AT24CXX_Init      at24c64.o
    0x08000b10   0x08000b10   0x00000022   Code   RO         1332    i.AT24CXX_Read      at24c64.o
    0x08000b32   0x08000b32   0x00000054   Code   RO         1333    i.AT24CXX_ReadOneByte  at24c64.o
    0x08000b86   0x08000b86   0x00000024   Code   RO         1334    i.AT24CXX_Write     at24c64.o
    0x08000baa   0x08000baa   0x0000004c   Code   RO         1335    i.AT24CXX_WriteOneByte  at24c64.o
    0x08000bf6   0x08000bf6   0x00000002   PAD
    0x08000bf8   0x08000bf8   0x0000003c   Code   RO         1046    i.Beep_Init         beep.o
    0x08000c34   0x08000c34   0x00000054   Code   RO         1140    i.Btn_Init          key.o
    0x08000c88   0x08000c88   0x00000004   Code   RO          315    i.BusFault_Handler  stm32f4xx_it.o
    0x08000c8c   0x08000c8c   0x0000003a   Code   RO         1955    i.CRC16_Check       sys.o
    0x08000cc6   0x08000cc6   0x00000002   PAD
    0x08000cc8   0x08000cc8   0x000000bc   Code   RO         1228    i.Codec_Init        codec.o
    0x08000d84   0x08000d84   0x00000002   Code   RO          316    i.DebugMon_Handler  stm32f4xx_it.o
    0x08000d86   0x08000d86   0x00000002   PAD
    0x08000d88   0x08000d88   0x00000018   Code   RO            4    i.Delay_ms          main.o
    0x08000da0   0x08000da0   0x00000040   Code   RO          848    i.Disable_Timer5    timer.o
    0x08000de0   0x08000de0   0x000001a0   Code   RO          557    i.EXTI0_IRQHandler  trigger.o
    0x08000f80   0x08000f80   0x00000088   Code   RO         1229    i.EXTI15_10_IRQHandler  codec.o
    0x08001008   0x08001008   0x0000000c   Code   RO         3436    i.EXTI_ClearITPendingBit  stm32f4xx_exti.o
    0x08001014   0x08001014   0x00000018   Code   RO         3440    i.EXTI_GetITStatus  stm32f4xx_exti.o
    0x0800102c   0x0800102c   0x00000094   Code   RO         3441    i.EXTI_Init         stm32f4xx_exti.o
    0x080010c0   0x080010c0   0x000000c0   Code   RO          849    i.Enable_Timer5     timer.o
    0x08001180   0x08001180   0x00000034   Code   RO         3824    i.FSMC_NORSRAMCmd   stm32f4xx_fsmc.o
    0x080011b4   0x080011b4   0x00000124   Code   RO         3826    i.FSMC_NORSRAMInit  stm32f4xx_fsmc.o
    0x080012d8   0x080012d8   0x00000090   Code   RO         3949    i.GPIO_Init         stm32f4xx_gpio.o
    0x08001368   0x08001368   0x00000046   Code   RO         3950    i.GPIO_PinAFConfig  stm32f4xx_gpio.o
    0x080013ae   0x080013ae   0x00000004   Code   RO         3956    i.GPIO_ResetBits    stm32f4xx_gpio.o
    0x080013b2   0x080013b2   0x00000004   Code   RO         3957    i.GPIO_SetBits      stm32f4xx_gpio.o
    0x080013b6   0x080013b6   0x00000002   PAD
    0x080013b8   0x080013b8   0x00000028   Code   RO          616    i.Get_MCU_POR_Times  at24c64memdata.o
    0x080013e0   0x080013e0   0x00000004   Code   RO          317    i.HardFault_Handler  stm32f4xx_it.o
    0x080013e4   0x080013e4   0x00000050   Code   RO         1264    i.IIC_Ack           at24c64iic.o
    0x08001434   0x08001434   0x00000048   Code   RO         1265    i.IIC_Init          at24c64iic.o
    0x0800147c   0x0800147c   0x00000050   Code   RO         1266    i.IIC_NAck          at24c64iic.o
    0x080014cc   0x080014cc   0x00000064   Code   RO         1267    i.IIC_Read_Byte     at24c64iic.o
    0x08001530   0x08001530   0x00000068   Code   RO         1268    i.IIC_Send_Byte     at24c64iic.o
    0x08001598   0x08001598   0x0000004c   Code   RO         1269    i.IIC_Start         at24c64iic.o
    0x080015e4   0x080015e4   0x0000004c   Code   RO         1270    i.IIC_Stop          at24c64iic.o
    0x08001630   0x08001630   0x0000005c   Code   RO         1271    i.IIC_Wait_Ack      at24c64iic.o
    0x0800168c   0x0800168c   0x000001f0   Code   RO            6    i.IO_Init           main.o
    0x0800187c   0x0800187c   0x00000010   Code   RO         4464    i.IWDG_Enable       stm32f4xx_iwdg.o
    0x0800188c   0x0800188c   0x00000010   Code   RO         4466    i.IWDG_ReloadCounter  stm32f4xx_iwdg.o
    0x0800189c   0x0800189c   0x0000000c   Code   RO         4467    i.IWDG_SetPrescaler  stm32f4xx_iwdg.o
    0x080018a8   0x080018a8   0x0000000c   Code   RO         4468    i.IWDG_SetReload    stm32f4xx_iwdg.o
    0x080018b4   0x080018b4   0x0000000c   Code   RO         4469    i.IWDG_WriteAccessCmd  stm32f4xx_iwdg.o
    0x080018c0   0x080018c0   0x00000478   Code   RO            7    i.Init_Devices      main.o
    0x08001d38   0x08001d38   0x00000048   Code   RO            8    i.Init_SysTick      main.o
    0x08001d80   0x08001d80   0x000002b8   Code   RO         1141    i.IsKeyDown         key.o
    0x08002038   0x08002038   0x00000070   Code   RO         1559    i.LCDRST_Init       ssd1961.o
    0x080020a8   0x080020a8   0x00000074   Code   RO         1561    i.LCD_Clear         ssd1961.o
    0x0800211c   0x0800211c   0x00000084   Code   RO         1565    i.LCD_Display_Dir   ssd1961.o
    0x080021a0   0x080021a0   0x00000080   Code   RO         1570    i.LCD_Fast_DrawPoint  ssd1961.o
    0x08002220   0x08002220   0x0000005c   Code   RO         1571    i.LCD_Fill          ssd1961.o
    0x0800227c   0x0800227c   0x00000468   Code   RO         1572    i.LCD_Init          ssd1961.o
    0x080026e4   0x080026e4   0x00000014   Code   RO         1574    i.LCD_RD_DATA       ssd1961.o
    0x080026f8   0x080026f8   0x00000016   Code   RO         1576    i.LCD_ReadReg       ssd1961.o
    0x0800270e   0x0800270e   0x00000002   PAD
    0x08002710   0x08002710   0x00000064   Code   RO         1577    i.LCD_SSD_BackLightSet  ssd1961.o
    0x08002774   0x08002774   0x000002f4   Code   RO         1578    i.LCD_Scan_Dir      ssd1961.o
    0x08002a68   0x08002a68   0x000000ac   Code   RO         1579    i.LCD_SetCursor     ssd1961.o
    0x08002b14   0x08002b14   0x00000120   Code   RO         1582    i.LCD_ShowChar_WithColor  ssd1961.o
    0x08002c34   0x08002c34   0x0000006e   Code   RO         1585    i.LCD_ShowString_WithColor  ssd1961.o
    0x08002ca2   0x08002ca2   0x00000002   PAD
    0x08002ca4   0x08002ca4   0x0000000c   Code   RO         1587    i.LCD_WR_DATA       ssd1961.o
    0x08002cb0   0x08002cb0   0x0000000c   Code   RO         1588    i.LCD_WR_REG        ssd1961.o
    0x08002cbc   0x08002cbc   0x00000014   Code   RO         1590    i.LCD_WriteRAM_Prepare  ssd1961.o
    0x08002cd0   0x08002cd0   0x00000010   Code   RO         1591    i.LCD_WriteReg      ssd1961.o
    0x08002ce0   0x08002ce0   0x000000b4   Code   RO          986    i.LED_Init          led.o
    0x08002d94   0x08002d94   0x00000028   Code   RO          987    i.Led_ModePartOff   led.o
    0x08002dbc   0x08002dbc   0x00000024   Code   RO          988    i.Led_ParamPartOff  led.o
    0x08002de0   0x08002de0   0x000000a0   Code   RO          989    i.Led_ShortOn_Poll  led.o
    0x08002e80   0x08002e80   0x000000f8   Code   RO            9    i.MCU_RESET_Log     main.o
    0x08002f78   0x08002f78   0x00000c24   Code   RO          398    i.Manual_Poll       manual.o
    0x08003b9c   0x08003b9c   0x00000004   Code   RO          318    i.MemManage_Handler  stm32f4xx_it.o
    0x08003ba0   0x08003ba0   0x00000be0   Code   RO          617    i.Memory_ConfigLoad  at24c64memdata.o
    0x08004780   0x08004780   0x00000016   Code   RO          618    i.Memory_OverLimit_Process  at24c64memdata.o
    0x08004796   0x08004796   0x00000002   PAD
    0x08004798   0x08004798   0x000004d4   Code   RO          619    i.Memory_Poll       at24c64memdata.o
    0x08004c6c   0x08004c6c   0x00000044   Code   RO         1402    i.My_Mem_Init       malloc.o
    0x08004cb0   0x08004cb0   0x00000002   Code   RO          319    i.NMI_Handler       stm32f4xx_it.o
    0x08004cb2   0x08004cb2   0x00000002   PAD
    0x08004cb4   0x08004cb4   0x00000078   Code   RO         2074    i.NVIC_Init         misc.o
    0x08004d2c   0x08004d2c   0x00000014   Code   RO         2075    i.NVIC_PriorityGroupConfig  misc.o
    0x08004d40   0x08004d40   0x00000028   Code   RO           10    i.NVIC_SetPriority  main.o
    0x08004d68   0x08004d68   0x000000b8   Code   RO          533    i.Output_VorC       output.o
    0x08004e20   0x08004e20   0x00000150   Code   RO          780    i.ParamEdit_RefreshPre  ui.o
    0x08004f70   0x08004f70   0x00000248   Code   RO          781    i.PartialArea_Refresh  ui.o
    0x080051b8   0x080051b8   0x00000002   Code   RO          320    i.PendSV_Handler    stm32f4xx_it.o
    0x080051ba   0x080051ba   0x00000002   PAD
    0x080051bc   0x080051bc   0x00000020   Code   RO         1505    i.Process_COMMAND_CONTINUE  protocol.o
    0x080051dc   0x080051dc   0x00000020   Code   RO         1506    i.Process_COMMAND_PAUSE  protocol.o
    0x080051fc   0x080051fc   0x000005ec   Code   RO         1507    i.Process_COMMAND_START  protocol.o
    0x080057e8   0x080057e8   0x0000005c   Code   RO         1508    i.Process_COMMAND_STOP  protocol.o
    0x08005844   0x08005844   0x00000154   Code   RO          700    i.PulseTran_FreeRun  pulsetran.o
    0x08005998   0x08005998   0x0000017c   Code   RO          702    i.PulseTran_Single  pulsetran.o
    0x08005b14   0x08005b14   0x000002b8   Code   RO          703    i.PulseTran_Sub_CalcPwmPara  pulsetran.o
    0x08005dcc   0x08005dcc   0x000001f0   Code   RO          705    i.PulseTran_Train   pulsetran.o
    0x08005fbc   0x08005fbc   0x00000020   Code   RO         4875    i.RCC_AHB1PeriphClockCmd  stm32f4xx_rcc.o
    0x08005fdc   0x08005fdc   0x00000020   Code   RO         4881    i.RCC_AHB3PeriphClockCmd  stm32f4xx_rcc.o
    0x08005ffc   0x08005ffc   0x00000020   Code   RO         4884    i.RCC_APB1PeriphClockCmd  stm32f4xx_rcc.o
    0x0800601c   0x0800601c   0x00000020   Code   RO         4886    i.RCC_APB1PeriphResetCmd  stm32f4xx_rcc.o
    0x0800603c   0x0800603c   0x00000020   Code   RO         4887    i.RCC_APB2PeriphClockCmd  stm32f4xx_rcc.o
    0x0800605c   0x0800605c   0x00000020   Code   RO         4889    i.RCC_APB2PeriphResetCmd  stm32f4xx_rcc.o
    0x0800607c   0x0800607c   0x00000014   Code   RO         4892    i.RCC_ClearFlag     stm32f4xx_rcc.o
    0x08006090   0x08006090   0x000000e8   Code   RO         4896    i.RCC_GetClocksFreq  stm32f4xx_rcc.o
    0x08006178   0x08006178   0x00000040   Code   RO         4897    i.RCC_GetFlagStatus  stm32f4xx_rcc.o
    0x080061b8   0x080061b8   0x00000010   Code   RO         4901    i.RCC_HSEConfig     stm32f4xx_rcc.o
    0x080061c8   0x080061c8   0x000000e0   Code   RO         1087    i.SPI1_Configuration  dac.o
    0x080062a8   0x080062a8   0x00000048   Code   RO         1088    i.SPI1_WriteByte    dac.o
    0x080062f0   0x080062f0   0x00000018   Code   RO         6033    i.SPI_Cmd           stm32f4xx_spi.o
    0x08006308   0x08006308   0x000000b0   Code   RO         6040    i.SPI_I2S_DeInit    stm32f4xx_spi.o
    0x080063b8   0x080063b8   0x0000003c   Code   RO         6046    i.SPI_Init          stm32f4xx_spi.o
    0x080063f4   0x080063f4   0x000000c4   Code   RO          399    i.SUB_SettingInfo_Get  manual.o
    0x080064b8   0x080064b8   0x00000002   Code   RO          321    i.SVC_Handler       stm32f4xx_it.o
    0x080064ba   0x080064ba   0x00000002   PAD
    0x080064bc   0x080064bc   0x00000040   Code   RO         6198    i.SYSCFG_EXTILineConfig  stm32f4xx_syscfg.o
    0x080064fc   0x080064fc   0x000000f4   Code   RO         7079    i.SetSysClock       system_stm32f4xx_1.o
    0x080065f0   0x080065f0   0x00000124   Code   RO          400    i.SettingInfo_Get   manual.o
    0x08006714   0x08006714   0x0000093c   Code   RO          401    i.SettingInfo_Modify  manual.o
    0x08007050   0x08007050   0x00000164   Code   RO          497    i.Switch_Ctrl       switch.o
    0x080071b4   0x080071b4   0x00000050   Code   RO          498    i.Switch_Init       switch.o
    0x08007204   0x08007204   0x00000078   Code   RO          322    i.SysTick_Handler   stm32f4xx_it.o
    0x0800727c   0x0800727c   0x00000068   Code   RO         7081    i.SystemInit        system_stm32f4xx_1.o
    0x080072e4   0x080072e4   0x00000058   Code   RO          850    i.TIM2_IRQHandler   timer.o
    0x0800733c   0x0800733c   0x000000e0   Code   RO          851    i.TIM3_IRQHandler   timer.o
    0x0800741c   0x0800741c   0x000001bc   Code   RO          852    i.TIM5_IRQHandler   timer.o
    0x080075d8   0x080075d8   0x00000040   Code   RO          925    i.TIM6_DAC_IRQHandler  timer6.o
    0x08007618   0x08007618   0x00000006   Code   RO         6266    i.TIM_ClearITPendingBit  stm32f4xx_tim.o
    0x0800761e   0x0800761e   0x00000018   Code   RO         6271    i.TIM_Cmd           stm32f4xx_tim.o
    0x08007636   0x08007636   0x00000022   Code   RO         6292    i.TIM_GetITStatus   stm32f4xx_tim.o
    0x08007658   0x08007658   0x00000012   Code   RO         6296    i.TIM_ITConfig      stm32f4xx_tim.o
    0x0800766a   0x0800766a   0x00000002   PAD
    0x0800766c   0x0800766c   0x00000084   Code   RO         6343    i.TIM_TimeBaseInit  stm32f4xx_tim.o
    0x080076f0   0x080076f0   0x00000080   Code   RO          926    i.T_Codec_Process   timer6.o
    0x08007770   0x08007770   0x00000014   Code   RO          927    i.T_SelfAddition    timer6.o
    0x08007784   0x08007784   0x0000000e   Code   RO          928    i.T_SelfSubtraction  timer6.o
    0x08007792   0x08007792   0x00000052   Code   RO          853    i.Timer2_Init       timer.o
    0x080077e4   0x080077e4   0x0000005c   Code   RO          854    i.Timer3_Init       timer.o
    0x08007840   0x08007840   0x0000005c   Code   RO          855    i.Timer5_Init       timer.o
    0x0800789c   0x0800789c   0x0000005c   Code   RO          929    i.Timer6_Init       timer6.o
    0x080078f8   0x080078f8   0x00000008   Code   RO          930    i.Timer_Execute_Per10ms  timer6.o
    0x08007900   0x08007900   0x00000064   Code   RO          931    i.Timer_Execute_Per1ms  timer6.o
    0x08007964   0x08007964   0x00000078   Code   RO          558    i.TriggerExIN01_Init  trigger.o
    0x080079dc   0x080079dc   0x00000078   Code   RO          559    i.TriggerExIN23_Init  trigger.o
    0x08007a54   0x08007a54   0x00000040   Code   RO          560    i.TriggerOUT_Init   trigger.o
    0x08007a94   0x08007a94   0x00001b38   Code   RO          782    i.UI_ContentScan    ui.o
    0x080095cc   0x080095cc   0x0000001e   Code   RO          783    i.UI_DeskTopInit    ui.o
    0x080095ea   0x080095ea   0x00000002   PAD
    0x080095ec   0x080095ec   0x00000a20   Code   RO          784    i.UI_DisplayFlush   ui.o
    0x0800a00c   0x0800a00c   0x00000024   Code   RO          785    i.UI_Poll           ui.o
    0x0800a030   0x0800a030   0x00000244   Code   RO          561    i.UO_Update         trigger.o
    0x0800a274   0x0800a274   0x00000020   Code   RO         2000    i.USART6_GetChar    debug_uart.o
    0x0800a294   0x0800a294   0x00000038   Code   RO         2001    i.USART6_GetCharBlock  debug_uart.o
    0x0800a2cc   0x0800a2cc   0x00000080   Code   RO         2002    i.USART6_IRQHandler  debug_uart.o
    0x0800a34c   0x0800a34c   0x00000012   Code   RO         6821    i.USART_ClearFlag   stm32f4xx_usart.o
    0x0800a35e   0x0800a35e   0x0000001e   Code   RO         6822    i.USART_ClearITPendingBit  stm32f4xx_usart.o
    0x0800a37c   0x0800a37c   0x00000018   Code   RO         6825    i.USART_Cmd         stm32f4xx_usart.o
    0x0800a394   0x0800a394   0x00000054   Code   RO         6829    i.USART_GetITStatus  stm32f4xx_usart.o
    0x0800a3e8   0x0800a3e8   0x0000004a   Code   RO         6831    i.USART_ITConfig    stm32f4xx_usart.o
    0x0800a432   0x0800a432   0x00000002   PAD
    0x0800a434   0x0800a434   0x000000d4   Code   RO         6832    i.USART_Init        stm32f4xx_usart.o
    0x0800a508   0x0800a508   0x0000000a   Code   RO         6839    i.USART_ReceiveData  stm32f4xx_usart.o
    0x0800a512   0x0800a512   0x00000004   Code   RO          323    i.UsageFault_Handler  stm32f4xx_it.o
    0x0800a516   0x0800a516   0x00000002   PAD
    0x0800a518   0x0800a518   0x000000cc   Code   RO         2003    i.Usart6_Init       debug_uart.o
    0x0800a5e4   0x0800a5e4   0x000000d0   Code   RO          786    i.ValueDisplay_Control  ui.o
    0x0800a6b4   0x0800a6b4   0x00000008   Code   RO         1791    i.WDG_Feed          wdg.o
    0x0800a6bc   0x0800a6bc   0x00000024   Code   RO         1792    i.WDG_Init          wdg.o
    0x0800a6e0   0x0800a6e0   0x00000020   Code   RO         7406    i.__0printf         mc_w.l(printfa.o)
    0x0800a700   0x0800a700   0x00000028   Code   RO         7408    i.__0sprintf        mc_w.l(printfa.o)
    0x0800a728   0x0800a728   0x0000007a   Code   RO         7146    i.__hardfp_sqrt     m_wm.l(sqrt.o)
    0x0800a7a2   0x0800a7a2   0x0000000e   Code   RO         7502    i.__scatterload_copy  mc_w.l(handlers.o)
    0x0800a7b0   0x0800a7b0   0x00000002   Code   RO         7503    i.__scatterload_null  mc_w.l(handlers.o)
    0x0800a7b2   0x0800a7b2   0x0000000e   Code   RO         7504    i.__scatterload_zeroinit  mc_w.l(handlers.o)
    0x0800a7c0   0x0800a7c0   0x0000000c   Code   RO         7480    i.__set_errno       mc_w.l(errno.o)
    0x0800a7cc   0x0800a7cc   0x00000184   Code   RO         7413    i._fp_digits        mc_w.l(printfa.o)
    0x0800a950   0x0800a950   0x000006b4   Code   RO         7414    i._printf_core      mc_w.l(printfa.o)
    0x0800b004   0x0800b004   0x00000024   Code   RO         7415    i._printf_post_padding  mc_w.l(printfa.o)
    0x0800b028   0x0800b028   0x0000002e   Code   RO         7416    i._printf_pre_padding  mc_w.l(printfa.o)
    0x0800b056   0x0800b056   0x0000000a   Code   RO         7418    i._sputc            mc_w.l(printfa.o)
    0x0800b060   0x0800b060   0x000000d0   Code   RO         1143    i.bsp_DetectKey     key.o
    0x0800b130   0x0800b130   0x00000040   Code   RO         1144    i.bsp_GetKey        key.o
    0x0800b170   0x0800b170   0x00000060   Code   RO         1147    i.bsp_InitKeyVar    key.o
    0x0800b1d0   0x0800b1d0   0x00000016   Code   RO         1148    i.bsp_KeyScan       key.o
    0x0800b1e6   0x0800b1e6   0x00000002   PAD
    0x0800b1e8   0x0800b1e8   0x00000028   Code   RO         1149    i.bsp_PutKey        key.o
    0x0800b210   0x0800b210   0x00000026   Code   RO           11    i.delay_us          main.o
    0x0800b236   0x0800b236   0x00000002   PAD
    0x0800b238   0x0800b238   0x0000001c   Code   RO         2006    i.fputc             debug_uart.o
    0x0800b254   0x0800b254   0x000000b8   Code   RO           12    i.get_MCU_Type      main.o
    0x0800b30c   0x0800b30c   0x00000120   Code   RO           13    i.get_RCCCLOCK      main.o
    0x0800b42c   0x0800b42c   0x0000002c   Code   RO           14    i.get_device_sn     main.o
    0x0800b458   0x0800b458   0x0000015c   Code   RO           15    i.main              main.o
    0x0800b5b4   0x0800b5b4   0x0000006c   Code   RO         1403    i.my_mem_free       malloc.o
    0x0800b620   0x0800b620   0x000000a8   Code   RO         1404    i.my_mem_malloc     malloc.o
    0x0800b6c8   0x0800b6c8   0x00000040   Code   RO         1405    i.my_mem_perused    malloc.o
    0x0800b708   0x0800b708   0x00000024   Code   RO         1406    i.myfree            malloc.o
    0x0800b72c   0x0800b72c   0x00000028   Code   RO         1407    i.mymalloc          malloc.o
    0x0800b754   0x0800b754   0x00000014   Code   RO         1409    i.mymemset          malloc.o
    0x0800b768   0x0800b768   0x00000114   Code   RO          402    i.par_check         manual.o
    0x0800b87c   0x0800b87c   0x000005a8   Code   RO          787    i.sprintf_value     ui.o
    0x0800be24   0x0800be24   0x000000ac   Code   RO          620    i.test_eeprom       at24c64memdata.o
    0x0800bed0   0x0800bed0   0x0000001a   Code   RO          856    i.tim5_delay_us     timer.o
    0x0800beea   0x0800beea   0x0000001a   Code   RO          562    i.trigger_delay_us  trigger.o
    0x0800bf04   0x0800bf04   0x00000008   Data   RO          621    .constdata          at24c64memdata.o
    0x0800bf0c   0x0800bf0c   0x00000018   Data   RO         1413    .constdata          malloc.o
    0x0800bf24   0x0800bf24   0x000017c0   Data   RO         1594    .constdata          ssd1961.o
    0x0800d6e4   0x0800d6e4   0x00000043   Data   RO           17    .conststring        main.o
    0x0800d727   0x0800d727   0x00000001   PAD
    0x0800d728   0x0800d728   0x00000020   Data   RO         7500    Region$$Table       anon$$obj.o


    Execution Region RW_IRAM1 (Exec base: 0x20000000, Load base: 0x0800d748, Size: 0x00004668, Max: 0x00020000, ABSOLUTE, COMPRESSED[0x000000f8])

    Exec Addr    Load Addr    Size         Type   Attr      Idx    E Section Name        Object

    0x20000000   COMPRESSED   0x0000003c   Data   RW           18    .data               main.o
    0x2000003c   COMPRESSED   0x00000004   PAD
    0x20000040   COMPRESSED   0x000001a0   Data   RW          404    .data               manual.o
    0x200001e0   COMPRESSED   0x00000003   Data   RW          499    .data               switch.o
    0x200001e3   COMPRESSED   0x00000001   PAD
    0x200001e4   COMPRESSED   0x00000004   Data   RW          563    .data               trigger.o
    0x200001e8   COMPRESSED   0x00000012   Data   RW          622    .data               at24c64memdata.o
    0x200001fa   COMPRESSED   0x00000002   PAD
    0x200001fc   COMPRESSED   0x0000009b   Data   RW          672    .data               pulse.o
    0x20000297   COMPRESSED   0x00000001   PAD
    0x20000298   COMPRESSED   0x00000024   Data   RW          708    .data               pulsetran.o
    0x200002bc   COMPRESSED   0x00000005   Data   RW          789    .data               ui.o
    0x200002c1   COMPRESSED   0x00000003   PAD
    0x200002c4   COMPRESSED   0x00000018   Data   RW          857    .data               timer.o
    0x200002dc   COMPRESSED   0x00000002   Data   RW         1230    .data               codec.o
    0x200002de   COMPRESSED   0x00000002   PAD
    0x200002e0   COMPRESSED   0x0000001c   Data   RW         1414    .data               malloc.o
    0x200002fc   COMPRESSED   0x00000014   Data   RW         1511    .data               protocol.o
    0x20000310   COMPRESSED   0x00000008   Data   RW         2008    .data               debug_uart.o
    0x20000318   COMPRESSED   0x00000010   Data   RW         4928    .data               stm32f4xx_rcc.o
    0x20000328   COMPRESSED   0x00000014   Data   RW         7082    .data               system_stm32f4xx_1.o
    0x2000033c   COMPRESSED   0x00000004   Data   RW         7481    .data               mc_w.l(errno.o)
    0x20000340        -       0x000000f4   Zero   RW          403    .bss                manual.o
    0x20000434        -       0x00000050   Zero   RW          671    .bss                pulse.o
    0x20000484        -       0x00000080   Zero   RW          707    .bss                pulsetran.o
    0x20000504        -       0x000001bb   Zero   RW          788    .bss                ui.o
    0x200006bf   COMPRESSED   0x00000001   PAD
    0x200006c0        -       0x00000010   Zero   RW          932    .bss                timer6.o
    0x200006d0        -       0x0000000c   Zero   RW          992    .bss                led.o
    0x200006dc        -       0x0000019d   Zero   RW         1151    .bss                key.o
    0x20000879   COMPRESSED   0x00000007   PAD
    0x20000880        -       0x00002200   Zero   RW         1412    .bss                malloc.o
    0x20002a80        -       0x00001780   Zero   RW         1510    .bss                protocol.o
    0x20004200        -       0x0000000e   Zero   RW         1593    .bss                ssd1961.o
    0x2000420e   COMPRESSED   0x00000002   PAD
    0x20004210        -       0x00000054   Zero   RW         2007    .bss                debug_uart.o
    0x20004264   COMPRESSED   0x00000004   PAD
    0x20004268        -       0x00000400   Zero   RW         7139    STACK               startup_stm32f40_41xxx.o



  Load Region LR$$.ARM.__AT_0x68000000 (Base: 0x68000000, Size: 0x00000000, Max: 0x00000400, ABSOLUTE)

    Execution Region ER$$.ARM.__AT_0x68000000 (Exec base: 0x68000000, Load base: 0x68000000, Size: 0x00000400, Max: 0x00000400, ABSOLUTE, UNINIT)

    Exec Addr    Load Addr    Size         Type   Attr      Idx    E Section Name        Object

    0x68000000        -       0x00000400   Zero   RW         1410    .ARM.__AT_0x68000000  malloc.o



  Load Region LR$$.ARM.__AT_0x68000400 (Base: 0x68000400, Size: 0x00000000, Max: 0x00000040, ABSOLUTE)

    Execution Region ER$$.ARM.__AT_0x68000400 (Exec base: 0x68000400, Load base: 0x68000400, Size: 0x00000040, Max: 0x00000040, ABSOLUTE, UNINIT)

    Exec Addr    Load Addr    Size         Type   Attr      Idx    E Section Name        Object

    0x68000400        -       0x00000040   Zero   RW         1411    .ARM.__AT_0x68000400  malloc.o


==============================================================================

Image component sizes


      Code (inc. data)   RO Data    RW Data    ZI Data      Debug   Object Name

       238          0          0          0          0       3407   at24c64.o
       680        102          0          0          0       4554   at24c64iic.o
      4510       1046          8         18          0       4757   at24c64memdata.o
        60          4          0          0          0        524   beep.o
       324         30          0          2          0       1542   codec.o
       616         76          0          0          0       3166   dac.o
       448         36          0          8         84       5899   debug_uart.o
         0          0          0          0          0     304048   delay.o
      1210         38          0          0        413      10901   key.o
       416         58          0          0         12       3352   led.o
      2926       1080         67         60          0     351610   main.o
       504         60         24         28       9792       6305   malloc.o
      6236        310          0        416        244     251306   manual.o
       140         24          0          0          0       1447   misc.o
       184         12          0          0          0        714   output.o
      1672        342          0         20       6016       6505   protocol.o
         0          0          0        155         80       1746   pulse.o
      1912        148          0         36        128       5068   pulsetran.o
      3236        186       6080          0         14      14971   ssd1961.o
        36          8        392          0       1024        836   startup_stm32f40_41xxx.o
       184         16          0          0          0       1976   stm32f4xx_exti.o
       344         16          0          0          0       1913   stm32f4xx_fsmc.o
       222          0          0          0          0       2731   stm32f4xx_gpio.o
       144         20          0          0          0       4038   stm32f4xx_it.o
        68         30          0          0          0       2410   stm32f4xx_iwdg.o
       524         68          0         16          0       7774   stm32f4xx_rcc.o
       260         24          0          0          0       2254   stm32f4xx_spi.o
        64          4          0          0          0        624   stm32f4xx_syscfg.o
       214         28          0          0          0       3490   stm32f4xx_tim.o
       452          8          0          0          0       5250   stm32f4xx_usart.o
       436        184          0          3          0       2021   switch.o
        74          0          0          0          0       1390   sys.o
       348         34          0         20          0       1705   system_stm32f4xx_1.o
      1304        138          0         24          0       7315   timer.o
       426         38          0          0         16       4781   timer6.o
      1326        102          0          4          0       4281   trigger.o
     12202        422          0          5        443      18737   ui.o
        44          0          0          0          0       1038   wdg.o

    ----------------------------------------------------------------------
     44018       4692       6604        828      18280    1056386   Object Totals
         0          0         32          0          0          0   (incl. Generated)
        34          0          1         13         14          0   (incl. Padding)

    ----------------------------------------------------------------------

      Code (inc. data)   RO Data    RW Data    ZI Data      Debug   Library Member Name

       122          0          0          0          0        148   sqrt.o
        86          0          0          0          0          0   __dczerorl2.o
         0          0          0          0          0          0   entry.o
         0          0          0          0          0          0   entry10a.o
         0          0          0          0          0          0   entry11a.o
         4          0          0          0          0          0   entry12b.o
         8          4          0          0          0          0   entry2.o
         4          0          0          0          0          0   entry5.o
         0          0          0          0          0          0   entry7b.o
         0          0          0          0          0          0   entry8b.o
         8          4          0          0          0          0   entry9a.o
        12          6          0          4          0         68   errno.o
        30          0          0          0          0          0   handlers.o
        36          8          0          0          0         68   init.o
         0          0          0          0          0          0   iusefp.o
        30          0          0          0          0         68   llshl.o
        36          0          0          0          0         68   llsshr.o
        32          0          0          0          0         68   llushr.o
        36          0          0          0          0        108   memseta.o
      2268         96          0          0          0        616   printfa.o
        28          0          0          0          0         76   strcmp.o
        18          0          0          0          0         68   strcpy.o
        14          0          0          0          0         68   strlen.o
        30          0          0          0          0         80   strncmp.o
        44          0          0          0          0         80   uidiv.o
        98          0          0          0          0         92   uldiv.o
        48          0          0          0          0         68   cdrcmple.o
       334          0          0          0          0        148   dadd.o
       222          0          0          0          0        100   ddiv.o
       186          0          0          0          0        176   depilogue.o
        50          0          0          0          0         76   dfixui.o
        48          0          0          0          0         68   dfixul.o
        40          0          0          0          0         80   dfltl.o
        26          0          0          0          0         76   dfltui.o
        24          0          0          0          0         76   dfltul.o
       228          0          0          0          0         96   dmul.o
       162          0          0          0          0        100   dsqrt.o
        38          0          0          0          0         68   f2d.o
       110          0          0          0          0        168   fepilogue.o
        28          0          0          0          0         84   ffltul.o

    ----------------------------------------------------------------------
      4490        118          0          4          0       3060   Library Totals
         2          0          0          0          0          0   (incl. Padding)

    ----------------------------------------------------------------------

      Code (inc. data)   RO Data    RW Data    ZI Data      Debug   Library Name

       122          0          0          0          0        148   m_wm.l
      2822        118          0          4          0       1528   mc_w.l
      1544          0          0          0          0       1384   mf_w.l

    ----------------------------------------------------------------------
      4490        118          0          4          0       3060   Library Totals

    ----------------------------------------------------------------------

==============================================================================


      Code (inc. data)   RO Data    RW Data    ZI Data      Debug   

     48508       4810       6604        832      18280    1040770   Grand Totals
     48508       4810       6604        248      18280    1040770   ELF Image Totals (compressed)
     48508       4810       6604        248          0          0   ROM Totals

==============================================================================

    Total RO  Size (Code + RO Data)                55112 (  53.82kB)
    Total RW  Size (RW Data + ZI Data)             19112 (  18.66kB)
    Total ROM Size (Code + RO Data + RW Data)      55360 (  54.06kB)

==============================================================================

